/eli/ltc/1957/46
/eli/ltc/1974/68
/eli/fob/1980/740
/eli/fob/1980/375
/eli/fob/1980/215
/eli/fob/1980/176
/eli/retsinfo/1980/50732
/eli/retsinfo/1980/50717
/eli/retsinfo/1981/50825
/eli/retsinfo/1982/51084
/eli/retsinfo/1982/50728
/eli/retsinfo/1982/50727
/eli/retsinfo/1982/50724
/eli/retsinfo/1982/50704
/eli/fob/1984/230
/eli/retsinfo/1984/51093
/eli/retsinfo/1984/50713
/eli/retsinfo/1985/51103
/eli/retsinfo/1985/50721
/eli/retsinfo/1986/9549
/eli/retsinfo/1986/50726
/eli/retsinfo/1986/50718
/eli/retsinfo/1986/50708
/eli/retsinfo/1987/51106
/eli/retsinfo/1987/51081
/eli/retsinfo/1987/51080
/eli/retsinfo/1987/50709
/eli/retsinfo/1988/9119
/eli/retsinfo/1988/50253
/eli/retsinfo/1988/50174
/eli/fob/1989/130
/eli/retsinfo/1989/50543
/eli/retsinfo/1989/50022
/eli/retsinfo/1990/50168
/eli/retsinfo/1990/50039
/eli/retsinfo/1991/50242
/eli/retsinfo/1991/50072
/eli/retsinfo/1991/50071
/eli/retsinfo/1992/50298
/eli/retsinfo/1992/50137
/eli/retsinfo/1992/50109
/eli/retsinfo/1992/50071
/eli/retsinfo/1992/50010
/eli/retsinfo/1993/50335
/eli/retsinfo/1993/50293
/eli/retsinfo/1993/50219
/eli/retsinfo/1993/50100
/eli/retsinfo/1993/50079
/eli/retsinfo/1993/50057
/eli/retsinfo/1993/50015
/eli/retsinfo/1994/50260
/eli/retsinfo/1994/50212
/eli/retsinfo/1994/50184
/eli/retsinfo/1994/50161
/eli/retsinfo/1994/50104
/eli/retsinfo/1994/50032
/eli/retsinfo/1994/50031
/eli/retsinfo/1995/50430
/eli/retsinfo/1995/50264
/eli/retsinfo/1995/50180
/eli/retsinfo/1995/50140
/eli/retsinfo/1995/50065
/eli/retsinfo/1995/50045
/eli/retsinfo/1995/50031
/eli/retsinfo/1995/50026
/eli/retsinfo/1995/50010
/eli/retsinfo/1996/50383
/eli/retsinfo/1996/50364
/eli/retsinfo/1996/50256
/eli/retsinfo/1996/50249
/eli/retsinfo/1996/50232
/eli/retsinfo/1996/50161
/eli/retsinfo/1996/50160
/eli/retsinfo/1996/50044
/eli/retsinfo/1996/50043
/eli/retsinfo/1996/50012
/eli/retsinfo/1997/9474
/eli/lta/1997/823
/eli/retsinfo/1997/50138
/eli/retsinfo/1997/50137
/eli/retsinfo/1997/50030
/eli/retsinfo/1997/50021
/eli/retsinfo/1997/50019
/eli/retsinfo/1998/50090
/eli/retsinfo/1998/50046
/eli/retsinfo/1998/50000
/eli/fob/1999/562
/eli/retsinfo/2000/9298
/eli/retsinfo/2002/9029
/eli/lta/2003/1143
/eli/retsinfo/2003/20130
/eli/ft/20051SS00001
/eli/retsinfo/2005/10381
/eli/retsinfo/2005/10377
/eli/retsinfo/2005/10374
/eli/fob/2006/789
/eli/retsinfo/2006/10587
/eli/fob/2006/686
/eli/retsinfo/2006/10574
/eli/retsinfo/2006/10573
/eli/retsinfo/2006/9010
/eli/fob/2006/480
/eli/fob/2006/277
/eli/lta/2006/1518
/eli/mt/2006/7
/eli/fob/2007/0410
/eli/fob/2007/1220
/eli/retsinfo/2007/10937
/eli/fob/2007/868
/eli/fob/2007/801
/eli/retsinfo/2007/10933
/eli/fob/2007/777
/eli/fob/2007/730
/eli/retsinfo/2007/10610
/eli/fob/2007/375
/eli/fob/2007/399
/eli/fob/2007/315
/eli/fob/2007/219
/eli/fob/2007/154
/eli/ft/200724L00425
/eli/ft/200725L00431
/eli/ft/200724L00429
/eli/ft/200724L00427
/eli/ft/200724L00415
/eli/ft/20072DB00414
/eli/ft/200724L00413
/eli/ft/200725L00409
/eli/ft/200724L00405
/eli/ft/20072DB00404
/eli/ft/20072DB00403
/eli/ft/20072DB00402
/eli/ft/200724L00391
/eli/ft/200725L00392
/eli/ft/200725L00390
/eli/ft/200725L00394
/eli/ft/200724L00388
/eli/ft/200725L00383
/eli/ft/200725L00382
/eli/ft/200725L00381
/eli/ft/200724L00380
/eli/ft/200724L00379
/eli/ft/200725L00386
/eli/ft/200724L00385
/eli/ft/200724L00384
/eli/ft/200725L00378
/eli/ft/200724L00375
/eli/ft/200724L00376
/eli/ft/200724L00377
/eli/ft/200723L00168
/eli/ft/200728L00374
/eli/ft/200724L00369
/eli/ft/200725L00363
/eli/ft/200724L00364
/eli/ft/200724L00358
/eli/ft/200722L00168
/eli/ft/200722L00126
/eli/ft/200724L00356
/eli/ft/200724L00349
/eli/ft/200724L00353
/eli/ft/200724L00352
/eli/ft/200727L00354
/eli/ft/200724L00355
/eli/ft/200725L00348
/eli/ft/200724L00344
/eli/ft/200724L00346
/eli/ft/200724L00343
/eli/ft/200724L00340
/eli/ft/200724L00336
/eli/ft/200724L00331
/eli/ft/200728L00335
/eli/ft/200724L00328
/eli/ft/200724L00318
/eli/ft/200724L00317
/eli/ft/200724L00316
/eli/ft/200724L00315
/eli/ft/200724L00324
/eli/ft/200724L00322
/eli/ft/200724L00314
/eli/ft/200724L00319
/eli/ft/200724L00323
/eli/ft/200727L00325
/eli/ft/200724L00321
/eli/ft/200724L00308
/eli/ft/200724L00307
/eli/ft/200724L00306
/eli/ft/200724L00305
/eli/ft/200724L00303
/eli/ft/200724L00304
/eli/ft/20072EB00309
/eli/ft/200724L00301
/eli/ft/200724L00298
/eli/ft/200724L00300
/eli/ft/200724L00293
/eli/ft/200724L00292
/eli/ft/200724L00299
/eli/ft/200724L00290
/eli/ft/200724L00291
/eli/ft/200724L00287
/eli/ft/200724L00283
/eli/ft/200724L00282
/eli/ft/200724L00280
/eli/ft/200724L00279
/eli/ft/20072BB00139
/eli/ft/200724L00266
/eli/ft/200724L00265
/eli/ft/200724L00264
/eli/ft/200724L00262
/eli/ft/200724L00263
/eli/ft/200724L00261
/eli/ft/20072BB00134
/eli/ft/200724L00259
/eli/ft/20072DB00256
/eli/ft/20072DB00254
/eli/ft/20072BB00133
/eli/retsinfo/2007/10496
/eli/retsinfo/2007/10495
/eli/retsinfo/2007/10493
/eli/ft/200723L00053
/eli/ft/200724L00244
/eli/ft/20072DB00245
/eli/ft/200724L00243
/eli/retsinfo/2007/10467
/eli/retsinfo/2007/10444
/eli/ft/200724L00237
/eli/ft/200724L00238
/eli/ft/200724L00239
/eli/ft/200722L00042
/eli/ft/200724L00235
/eli/ft/200724L00234
/eli/ft/20072BB00116
/eli/ft/200724L00231
/eli/ft/20072BB00105
/eli/ft/20072BB00103
/eli/ft/20072BB00086
/eli/ft/200724L00230
/eli/ft/20072BB00100
/eli/ft/20072BB00094
/eli/ft/20072BB00091
/eli/ft/20072BB00088
/eli/ft/200725L00226
/eli/ft/20072BB00085
/eli/ft/200728L00224
/eli/ft/200724L00223
/eli/ft/200722L00162
/eli/ft/20072BB00078
/eli/ft/20072BB00076
/eli/ft/200722L00129
/eli/ft/200722L00128
/eli/ft/200722L00127
/eli/ft/200722L00124
/eli/ft/20072BB00075
/eli/ft/200724L00205
/eli/ft/200724L00199
/eli/ft/200724L00203
/eli/ft/200724L00204
/eli/ft/200722L00125
/eli/ft/200722L00123
/eli/ft/200722L00122
/eli/ft/200722L00121
/eli/ft/200722L00120
/eli/ft/20072BB00074
/eli/ft/20072BB00073
/eli/ft/200724L00152
/eli/ft/200724L00150
/eli/ft/200722L00108
/eli/ft/200722L00099
/eli/ft/20072BB00071
/eli/ft/200722L00053
/eli/ft/200722L00102
/eli/ft/200722L00100
/eli/ft/200722L00094
/eli/ft/20072BB00070
/eli/ft/200724L00120
/eli/ft/20072BB00068
/eli/ft/20072BB00067
/eli/ft/20072BB00066
/eli/ft/200722L00086
/eli/ft/200722L00077
/eli/ft/200722L00076
/eli/ft/20072BB00065
/eli/ft/200724L00102
/eli/ft/200724L00101
/eli/ft/20072BB00063
/eli/ft/20072BB00061
/eli/ft/20072BB00055
/eli/ft/200724L00097
/eli/ft/200724L00098
/eli/ft/200724L00096
/eli/ft/200724L00095
/eli/ft/200724L00092
/eli/ft/200724L00091
/eli/retsinfo/2007/10348
/eli/ft/20072BB00053
/eli/ft/20072BB00052
/eli/retsinfo/2007/10344
/eli/retsinfo/2007/10341
/eli/retsinfo/2007/10340
/eli/retsinfo/2007/10335
/eli/retsinfo/2007/10333
/eli/ft/200722L00061
/eli/ft/200722L00058
/eli/retsinfo/2007/10321
/eli/ft/200724L00068
/eli/retsinfo/2007/10318
/eli/ft/200724L00063
/eli/ft/200722L00051
/eli/lta/2007/1555
/eli/retsinfo/2007/10302
/eli/lta/2007/1543
/eli/lta/2007/1510
/eli/lta/2007/1506
/eli/lta/2007/1504
/eli/lta/2007/1481
/eli/lta/2007/1480
/eli/lta/2007/1444
/eli/lta/2007/1431
/eli/lta/2007/1429
/eli/lta/2007/1413
/eli/retsinfo/2007/10286
/eli/ft/20072BB00027
/eli/ft/200723L00008
/eli/ft/200724L00036
/eli/ft/20072BB00020
/eli/ft/20072BB00015
/eli/ft/20072BB00014
/eli/ft/20072BB00010
/eli/ft/20072BB00002
/eli/ft/200722L00020
/eli/ft/20072BB00003
/eli/ft/200722L00016
/eli/ft/200722L00008
/eli/ft/20072BB00006
/eli/ft/200712L00020
/eli/lta/2007/1282
/eli/retsinfo/2007/10208
/eli/retsinfo/2007/10203
/eli/retsinfo/2007/10192
/eli/lta/2007/1274
/eli/lta/2007/1266
/eli/retsinfo/2007/10182
/eli/ft/20071BB00023
/eli/ft/20071BB00020
/eli/lta/2007/1177
/eli/lta/2007/1175
/eli/lta/2007/1174
/eli/retsinfo/2007/10177
/eli/retsinfo/2007/10175
/eli/ltc/2007/28
/eli/ft/200714L00028
/eli/lta/2007/1159
/eli/ft/20071BB00013
/eli/ft/20071BB00003
/eli/ft/20071BB00002
/eli/ft/20071BB00007
/eli/lta/2007/1131
/eli/ft/200712L00009
/eli/lta/2007/1121
/eli/ft/200712L00021
/eli/ft/200712L00012
/eli/ft/200712L00008
/eli/lta/2007/1107
/eli/lta/2007/1045
/eli/lta/2007/729
/eli/lta/2007/102
/eli/retsinfo/2008/11048
/eli/retsinfo/2008/10702
/eli/ft/20081BB00204
/eli/retsinfo/2008/10684
/eli/retsinfo/2008/10679
/eli/retsinfo/2008/10677
/eli/retsinfo/2008/10675
/eli/retsinfo/2008/10674
/eli/retsinfo/2008/10673
/eli/fob/2008/693
/eli/retsinfo/2008/10670
/eli/ft/200815L01111
/eli/ft/200814L01102
/eli/ft/200814L01100
/eli/ft/200814L01106
/eli/ft/200814L01104
/eli/ft/200814L01077
/eli/ft/200814L01085
/eli/ft/20081DB01098
/eli/ft/200818L01094
/eli/ft/20081DB01108
/eli/ft/200814L01073
/eli/ft/200814L01081
/eli/ft/200814L01067
/eli/ft/200814L01069
/eli/ft/200814L01063
/eli/ft/20081DB01089
/eli/ft/200814L01083
/eli/ft/200814L01087
/eli/ft/200814L01079
/eli/ft/20081DB01071
/eli/ft/200814L01059
/eli/ft/200814L01057
/eli/ft/200814L01061
/eli/ft/200814L01050
/eli/ft/200814L01053
/eli/fob/2008/463
/eli/fob/2008/347
/eli/fob/2008/323
/eli/fob/2008/287
/eli/fob/2008/211
/eli/fob/2008/137
/eli/fob/2008/92
/eli/ft/200814L01042
/eli/ft/200814L01040
/eli/retsinfo/2008/10622
/eli/ft/200814L01038
/eli/ft/200814L01036
/eli/ft/200814L01031
/eli/ft/200814L01033
/eli/ft/200814L01025
/eli/ft/200814L01029
/eli/ft/200814L01021
/eli/ft/200814L01027
/eli/ft/200814L01023
/eli/ft/200815L01013
/eli/ft/20081DB01019
/eli/ft/20081DB01017
/eli/ft/20081DB01015
/eli/ft/200814L01011
/eli/ft/200815L01007
/eli/ft/200815L01005
/eli/ft/20081DB01003
/eli/ft/200814L00999
/eli/ft/200815L00997
/eli/ft/200814L00993
/eli/ft/200814L00995
/eli/ft/200814L00991
/eli/ft/200814L00989
/eli/ft/200814L00986
/eli/retsinfo/2008/10310
/eli/retsinfo/2008/10284
/eli/retsinfo/2008/10275
/eli/retsinfo/2008/10270
/eli/ft/200815L00984
/eli/ft/200814L00982
/eli/ft/200814L00980
/eli/ft/200814L00978
/eli/ft/200814L00976
/eli/ft/200814L00974
/eli/ft/200814L00970
/eli/ft/200814L00968
/eli/ft/200814L00966
/eli/ft/200815L00964
/eli/ft/200814L00956
/eli/ft/200814L00958
/eli/ft/200814L00954
/eli/ft/200814L00952
/eli/ft/200814L00950
/eli/ft/200814L00948
/eli/ft/200814L00946
/eli/ft/200814L00944
/eli/ft/200814L00942
/eli/ft/200814L00940
/eli/ft/200817L00936
/eli/ft/200817L00934
/eli/ft/200814L00938
/eli/ft/200814L00932
/eli/ft/200814L00926
/eli/ft/200814L00924
/eli/ft/200814L00917
/eli/ft/200814L00919
/eli/ft/200814L00915
/eli/ft/200814L00921
/eli/ft/200814L00913
/eli/ft/200814L00911
/eli/ft/200814L00899
/eli/ft/200814L00897
/eli/ft/200814L00895
/eli/ft/200814L00893
/eli/ft/200814L00891
/eli/ft/200814L00887
/eli/ft/20081DB00889
/eli/ft/200814L00885
/eli/ft/200814L00883
/eli/ft/200814L00881
/eli/ft/200813L00207
/eli/ft/200818L00877
/eli/ft/200815L00862
/eli/ft/200815L00866
/eli/ft/200815L00864
/eli/ft/200815L00858
/eli/ft/20081DB00824
/eli/ft/20081DB00830
/eli/ft/20081DB00846
/eli/ft/20081DB00844
/eli/ft/20081DB00834
/eli/ft/20081DB00832
/eli/ft/200814L00820
/eli/ft/20081DB00822
/eli/ft/20081DB00826
/eli/ft/20081DB00840
/eli/ft/20081DB00828
/eli/ft/20081DB00836
/eli/ft/200814L00796
/eli/ft/20081BB00202
/eli/ft/200814L00800
/eli/ft/200814L00794
/eli/ft/200814L00788
/eli/ft/200814L00802
/eli/ft/200814L00804
/eli/ft/200814L00786
/eli/ft/20081DB00784
/eli/ft/200814L00806
/eli/ft/20081DB00782
/eli/retsinfo/2008/10087
/eli/ft/200817L00778
/eli/ft/200817L00776
/eli/ft/200814L00772
/eli/ft/20081DB00774
/eli/ft/200814L00770
/eli/ft/200814L00768
/eli/ft/200815L00764
/eli/ft/20081BB00201
/eli/ft/200814L00755
/eli/ft/200814L00757
/eli/ft/20081DB00753
/eli/ft/20081DB00751
/eli/retsinfo/2008/10064
/eli/ft/200814L00747
/eli/ft/200814L00741
/eli/ft/200814L00739
/eli/ft/20081DB00737
/eli/ft/20081DB00735
/eli/ft/200814L00725
/eli/ft/200814L00723
/eli/ft/200814L00705
/eli/ft/200814L00713
/eli/ft/20081DB00711
/eli/ft/200814L00701
/eli/ft/200814L00703
/eli/ft/200815L00697
/eli/ft/20081DB00693
/eli/ft/200814L00689
/eli/ft/200814L00687
/eli/ft/200814L00691
/eli/ft/200812L00210
/eli/ft/200812L00207
/eli/ft/200815L00675
/eli/ft/200814L00671
/eli/ft/20081DB00673
/eli/ft/200814L00677
/eli/ft/200812L00208
/eli/ft/200812L00199
/eli/ft/200812L00193
/eli/ft/20081BB00190
/eli/ft/200814L00645
/eli/ft/200814L00647
/eli/ft/200814L00643
/eli/ft/20081BB00182
/eli/ft/200815L00640
/eli/ft/20081BB00179
/eli/ft/20081BB00176
/eli/ft/20081BB00175
/eli/ft/20081BB00174
/eli/ft/200814L00634
/eli/ft/200814L00628
/eli/ft/20081DB00632
/eli/ft/20081DB00630
/eli/ft/20081DB00626
/eli/retsinfo/2008/9991
/eli/retsinfo/2008/9988
/eli/ft/20081BB00167
/eli/ft/20081BB00165
/eli/ft/20081BB00155
/eli/ft/20081BB00154
/eli/ft/200815L00619
/eli/ft/200812L00185
/eli/ft/200812L00181
/eli/ft/200812L00180
/eli/ft/20081BB00152
/eli/ft/20081BB00145
/eli/ft/200812L00176
/eli/ft/200812L00175
/eli/ft/200812L00174
/eli/ft/200812L00171
/eli/ft/200812L00170
/eli/ft/20081BB00142
/eli/ft/20081BB00140
/eli/ft/200814L00575
/eli/ft/200814L00573
/eli/ft/200815L00571
/eli/ft/200812L00166
/eli/ft/20081BB00139
/eli/ft/20081BB00138
/eli/ft/20081BB00137
/eli/ft/20081BB00133
/eli/ft/20081BB00130
/eli/ft/200813L00089
/eli/ft/20081BB00114
/eli/ft/200814L00557
/eli/ft/200814L00561
/eli/ft/200817L00563
/eli/ft/20081BB00118
/eli/ft/20081BB00115
/eli/ft/20081BB00124
/eli/ft/200814L00546
/eli/ft/200814L00540
/eli/ft/200814L00538
/eli/ft/20081DB00534
/eli/ft/200812L00158
/eli/ft/200814L00506
/eli/retsinfo/2008/9950
/eli/ft/20081BB00105
/eli/ft/20081BB00013
/eli/ft/20081BB00101
/eli/ft/20081BB00100
/eli/ft/200814L00468
/eli/ft/200814L00472
/eli/ft/200814L00466
/eli/ft/200815L00464
/eli/ft/200814L00462
/eli/ft/200814L00460
/eli/ft/200814L00458
/eli/ft/20081BB00095
/eli/retsinfo/2008/9937
/eli/ft/200812L00122
/eli/ft/20081BB00094
/eli/ft/200814L00434
/eli/ft/200814L00431
/eli/ft/200814L00429
/eli/ft/200815L00425
/eli/ft/20081BB00082
/eli/ft/20081BB00090
/eli/ft/200814L00421
/eli/ft/200812L00120
/eli/ft/200812L00119
/eli/ft/200812L00118
/eli/ft/200814L00379
/eli/mt/2008/97
/eli/ft/20081BB00084
/eli/ft/200814L00373
/eli/ft/20081BB00085
/eli/ft/200812L00103
/eli/ft/200812L00102
/eli/ft/200814L00368
/eli/ft/200814L00366
/eli/ft/200815L00362
/eli/ft/200814L00356
/eli/ft/200814L00354
/eli/ft/200815L00360
/eli/ft/200814L00352
/eli/ft/200814L00364
/eli/ft/200814L00348
/eli/ft/200814L00358
/eli/retsinfo/2008/9892
/eli/ft/20081BB00080
/eli/ft/200814L00344
/eli/ft/200814L00334
/eli/ft/200814L00338
/eli/ft/200814L00330
/eli/ft/200815L00342
/eli/ft/200814L00336
/eli/ft/200815L00340
/eli/ft/200814L00328
/eli/ft/200815L00306
/eli/ft/200814L00304
/eli/ft/200814L00316
/eli/ft/200814L00308
/eli/ft/200814L00314
/eli/ft/200814L00312
/eli/ft/200814L00318
/eli/ft/200814L00302
/eli/ft/20081BB00067
/eli/lta/2008/1386
/eli/lta/2008/1375
/eli/lta/2008/1365
/eli/lta/2008/1359
/eli/lta/2008/1354
/eli/lta/2008/1353
/eli/lta/2008/1351
/eli/ft/200815L00298
/eli/retsinfo/2008/9874
/eli/retsinfo/2008/9873
/eli/retsinfo/2008/9871
/eli/lta/2008/1310
/eli/ft/200812L00099
/eli/ft/200814L00285
/eli/lta/2008/1275
/eli/lta/2008/1269
/eli/mt/2008/81
/eli/ft/200818L00279
/eli/lta/2008/1224
/eli/ft/200812L00091
/eli/ft/200814L00263
/eli/ft/200814L00265
/eli/ft/200814L00251
/eli/ltc/2008/49
/eli/ft/200814L00259
/eli/ft/200814L00257
/eli/ft/200814L00261
/eli/ft/200812L00089
/eli/ft/20081DB00243
/eli/ft/20081DB00241
/eli/ft/200812L00086
/eli/ft/20081BB00065
/eli/ft/200814L00215
/eli/ft/200815L00217
/eli/ft/200814L00229
/eli/lta/2008/1162
/eli/ft/200814L00213
/eli/ft/20081BB00062
/eli/ft/20081BB00060
/eli/ft/200814L00206
/eli/lta/2008/1153
/eli/ft/200812L00084
/eli/ft/200812L00083
/eli/ft/200814L00202
/eli/ft/200814L00204
/eli/ft/200814L00190
/eli/ft/200814L00192
/eli/ft/200814L00188
/eli/ft/200817L00186
/eli/ft/200814L00184
/eli/ft/200814L00182
/eli/ft/200814L00176
/eli/ft/200812L00079
/eli/ft/20081BB00049
/eli/lta/2008/1113
/eli/mt/2008/69
/eli/retsinfo/2008/9810
/eli/retsinfo/2008/9807
/eli/retsinfo/2008/9804
/eli/ltc/2008/43
/eli/ft/200812L00072
/eli/ft/200812L00070
/eli/retsinfo/2008/9770
/eli/ft/200814L00142
/eli/ft/200812L00063
/eli/ft/20081BB00044
/eli/ft/20081BB00043
/eli/ltc/2008/39
/eli/retsinfo/2008/9756
/eli/ft/20081BB00037
/eli/ft/200814L00114
/eli/retsinfo/2008/9722
/eli/lta/2008/1060
/eli/ft/200812L00055
/eli/ltc/2008/34
/eli/ft/20081BB00031
/eli/ft/20081BB00028
/eli/ft/20081BB00026
/eli/ft/20081BB00025
/eli/lta/2008/1045
/eli/lta/2008/1042
/eli/ft/200812L00042
/eli/ft/200812L00038
/eli/retsinfo/2008/9708
/eli/ft/20081BB00019
/eli/ft/20081BB00018
/eli/ft/20081BB00017
/eli/ft/20081BB00016
/eli/retsinfo/2008/9703
/eli/mt/2008/56
/eli/retsinfo/2008/9702
/eli/retsinfo/2008/9699
/eli/ft/20081BB00012
/eli/ft/20081BB00011
/eli/retsinfo/2008/9689
/eli/lta/2008/997
/eli/ft/200812L00033
/eli/ft/200812L00021
/eli/ft/200812L00011
/eli/ft/200812L00005
/eli/ft/200812L00003
/eli/lta/2008/989
/eli/retsinfo/2008/9675
/eli/retsinfo/2008/9674
/eli/ltc/2008/27
/eli/ltc/2008/23
/eli/lta/2008/922
/eli/retsinfo/2008/9649
/eli/lta/2008/900
/eli/lta/2008/897
/eli/lta/2008/846
/eli/retsinfo/2008/9541
/eli/lta/2008/830
/eli/lta/2008/824
/eli/lta/2008/823
/eli/lta/2008/818
/eli/retsinfo/2008/9445
/eli/retsinfo/2008/9439
/eli/mt/2008/45
/eli/lta/2008/786
/eli/lta/2008/771
/eli/lta/2008/768
/eli/mt/2008/43
/eli/lta/2008/753
/eli/lta/2008/749
/eli/mt/2008/42
/eli/lta/2008/739
/eli/lta/2008/729
/eli/lta/2008/724
/eli/retsinfo/2008/9309
/eli/retsinfo/2008/9304
/eli/lta/2008/695
/eli/lta/2008/694
/eli/lta/2008/676
/eli/lta/2008/675
/eli/lta/2008/634
/eli/lta/2008/633
/eli/lta/2008/631
/eli/lta/2008/612
/eli/mt/2008/32
/eli/lta/2008/587
/eli/lta/2008/562
/eli/lta/2008/554
/eli/lta/2008/528
/eli/retsinfo/2008/9211
/eli/lta/2008/439
/eli/lta/2008/420
/eli/lta/2008/385
/eli/lta/2008/376
/eli/lta/2008/362
/eli/ltc/2008/3
/eli/lta/2008/337
/eli/lta/2008/326
/eli/lta/2008/321
/eli/lta/2008/298
/eli/retsinfo/2008/9142
/eli/retsinfo/2008/9119
/eli/lta/2008/239
/eli/lta/2008/229
/eli/lta/2008/217
/eli/lta/2008/216
/eli/lta/2008/203
/eli/retsinfo/2008/9076
/eli/retsinfo/2008/9075
/eli/lta/2008/140
/eli/retsinfo/2008/9024
/eli/lta/2008/45
/eli/lta/2008/44
/eli/retsinfo/2008/9012
/eli/fob/2009/0504
/eli/fob/2009/0502
/eli/ft/20091BB00250
/eli/ft/20091SS00002
/eli/ft/200915L01121
/eli/ft/200914L01117
/eli/ft/200915L01113
/eli/ft/200915L01115
/eli/ft/200915L01109
/eli/ft/200915L01107
/eli/ft/200914L01102
/eli/ft/200914L01104
/eli/ft/200914L01096
/eli/ft/200914L01100
/eli/ft/200914L01098
/eli/ft/200914L01092
/eli/ft/200918L01086
/eli/ft/20091DB01074
/eli/ft/200918L01059
/eli/ft/200915L01043
/eli/ft/200915L01047
/eli/ft/200915L01049
/eli/ft/20091BB00248
/eli/ft/200914L01021
/eli/ft/200914L00985
/eli/ft/200914L00999
/eli/ft/200914L01007
/eli/ft/200915L01025
/eli/ft/200914L00993
/eli/ft/200914L00995
/eli/ft/200914L00991
/eli/ft/200914L01011
/eli/ft/200914L00989
/eli/ft/200914L01017
/eli/ft/200914L01009
/eli/ft/200912L00219
/eli/ft/200912L00218
/eli/ft/200914L00973
/eli/ft/20091DB00959
/eli/ft/200914L00961
/eli/ft/200914L00953
/eli/ft/200914L00957
/eli/ft/20091DB00949
/eli/ft/200914L00947
/eli/ft/200918L00951
/eli/ft/200914L00955
/eli/ft/200918L00945
/eli/ft/200914L00935
/eli/ft/200914L00931
/eli/ft/200914L00933
/eli/ft/200918L00941
/eli/ft/20091DB00923
/eli/ft/200914L00939
/eli/ft/20091DB00921
/eli/ft/200914L00929
/eli/ft/200914L00905
/eli/ft/200914L00913
/eli/ft/200914L00907
/eli/ft/20091EB00903
/eli/ft/20091DB00919
/eli/ft/200914L00897
/eli/ft/200914L00899
/eli/ft/200914L00895
/eli/ft/20091DB00893
/eli/ft/20091DB00901
/eli/ft/200914L00883
/eli/ft/200914L00881
/eli/ft/200914L00877
/eli/ft/200914L00879
/eli/ft/200914L00863
/eli/ft/200914L00861
/eli/ft/200914L00865
/eli/ft/200914L00857
/eli/ft/200915L00845
/eli/ft/200914L00833
/eli/ft/200914L00831
/eli/ft/200914L00823
/eli/ft/200914L00817
/eli/ft/200914L00819
/eli/ft/200914L00815
/eli/ft/200914L00821
/eli/ft/20091DB00809
/eli/ft/200914L00825
/eli/ft/200914L00795
/eli/ft/200914L00791
/eli/ft/200914L00781
/eli/ft/200914L00773
/eli/ft/20091DB00771
/eli/ft/20091DB00793
/eli/ft/200913L00091
/eli/ft/200914L00765
/eli/ft/200914L00763
/eli/ft/200914L00755
/eli/ft/20091DB00746
/eli/ft/200914L00731
/eli/ft/200914L00733
/eli/ft/200915L00736
/eli/ft/200915L00738
/eli/ft/200914L00727
/eli/ft/20091DB00723
/eli/ft/20091BB00237
/eli/ft/200915L00721
/eli/ft/20091BB00229
/eli/ft/200914L00717
/eli/ft/20091BB00232
/eli/ft/20091BB00231
/eli/ft/20091BB00228
/eli/ft/20091BB00227
/eli/ft/200914L00711
/eli/ft/20091BB00224
/eli/ft/200912L00207
/eli/ft/200914L00692
/eli/ft/20091BB00214
/eli/ft/20091BB00212
/eli/ft/20091BB00211
/eli/ft/200914L00682
/eli/ft/200914L00684
/eli/ft/200914L00686
/eli/ft/200914L00688
/eli/ft/20091BB00208
/eli/ft/200912L00204
/eli/ft/20091BB00201
/eli/ft/20091BB00200
/eli/ft/20091BB00199
/eli/ft/20091DB00672
/eli/ft/200914L00670
/eli/ft/200912L00198
/eli/ft/20091BB00197
/eli/ft/200912L00197
/eli/ft/20091BB00196
/eli/ft/20091BB00194
/eli/ft/200912L00193
/eli/ft/20091BB00193
/eli/ft/20091BB00192
/eli/ft/200912L00192
/eli/ft/20091BB00191
/eli/ft/20091BB00190
/eli/ft/20091BB00188
/eli/ft/20091BB00187
/eli/ft/20091BB00183
/eli/ft/20091BB00182
/eli/ft/20091BB00181
/eli/ft/20091BB00180
/eli/ft/20091BB00179
/eli/ft/20091BB00176
/eli/ft/200912L00175
/eli/ft/20091BB00175
/eli/ft/200912L00174
/eli/ft/20091BB00174
/eli/ft/20091BB00169
/eli/ft/20091BB00168
/eli/ft/200914L00628
/eli/ft/200914L00666
/eli/ft/20091BB00162
/eli/ft/20091BB00161
/eli/ft/200914L00592
/eli/ft/200912L00159
/eli/ft/20091BB00158
/eli/ft/20091BB00157
/eli/ft/20091BB00154
/eli/ft/20091BB00152
/eli/ft/20091BB00151
/eli/ft/20091BB00148
/eli/ft/20091BB00147
/eli/ft/20091BB00146
/eli/ft/200914L00560
/eli/ft/200914L00556
/eli/ft/200914L00554
/eli/ft/200912L00153
/eli/ft/200912L00152
/eli/ft/20091BB00145
/eli/ft/20091DB00529
/eli/ft/200914L00527
/eli/retsinfo/2009/10133
/eli/ft/200912L00147
/eli/ft/200912L00139
/eli/ft/200912L00131
/eli/ft/200912L00127
/eli/ft/200914L00487
/eli/ft/200914L00489
/eli/ft/20091BB00138
/eli/ft/20091BB00137
/eli/ft/20091BB00136
/eli/ft/20091BB00135
/eli/ft/20091BB00132
/eli/ft/20091BB00131
/eli/ft/20091BB00130
/eli/ft/20091BB00125
/eli/ft/200914L00475
/eli/ft/200914L00473
/eli/ft/200914L00467
/eli/ft/20091BB00117
/eli/ft/20091DB00461
/eli/ft/200912L00114
/eli/ft/20091BB00113
/eli/ft/200912L00110
/eli/ft/200918L00433
/eli/ft/200914L00431
/eli/ft/200912L00107
/eli/ft/200912L00106
/eli/ft/20091BB00106
/eli/ft/20091BB00105
/eli/ft/200914L00421
/eli/ft/200914L00423
/eli/ft/200914L00419
/eli/retsinfo/2009/10102
/eli/ft/200914L00416
/eli/ft/200912L00102
/eli/ft/200912L00101
/eli/ft/200912L00100
/eli/ft/20091BB00103
/eli/ft/20091BB00102
/eli/lta/2009/1548
/eli/lta/2009/1547
/eli/lta/2009/1470
/eli/lta/2009/1443
/eli/lta/2009/1440
/eli/lta/2009/1439
/eli/lta/2009/1428
/eli/lta/2009/1405
/eli/lta/2009/1342
/eli/lta/2009/1301
/eli/ft/20091BB00097
/eli/ft/200912L00096
/eli/ft/20091BB00096
/eli/ft/20091BB00095
/eli/lta/2009/1287
/eli/ft/200912L00091
/eli/ft/200915L00380
/eli/lta/2009/1246
/eli/ft/20091DB00362
/eli/lta/2009/1229
/eli/ft/20091BB00091
/eli/ft/20091BB00090
/eli/ft/20091BB00088
/eli/ft/20091BB00087
/eli/ft/200914L00334
/eli/ft/200914L00336
/eli/ft/200914L00356
/eli/ft/200914L00332
/eli/ft/200914L00326
/eli/ft/200914L00352
/eli/ft/200914L00348
/eli/ft/200914L00358
/eli/ft/200914L00328
/eli/ft/200914L00330
/eli/lta/2009/1195
/eli/lta/2009/1194
/eli/ft/20091BB00083
/eli/ft/200914L00318
/eli/ft/200914L00310
/eli/ft/200914L00316
/eli/ft/200914L00314
/eli/ft/200914L00322
/eli/ft/200914L00312
/eli/ft/200914L00320
/eli/ft/200917L00302
/eli/ft/200918L00306
/eli/ft/200914L00296
/eli/ft/200914L00286
/eli/ft/200914L00294
/eli/ft/200914L00298
/eli/ft/200914L00282
/eli/ft/200914L00276
/eli/ft/200914L00278
/eli/ft/200914L00261
/eli/ft/200914L00265
/eli/ft/200914L00251
/eli/ft/200914L00253
/eli/ft/200914L00255
/eli/ft/200914L00249
/eli/retsinfo/2009/9938
/eli/lta/2009/1119
/eli/ft/20091BB00071
/eli/ft/200914L00245
/eli/ft/200914L00239
/eli/ft/200914L00237
/eli/ft/200914L00235
/eli/ft/200914L00231
/eli/ft/200914L00229
/eli/ft/200914L00227
/eli/ft/20091DB00223
/eli/ft/200914L00217
/eli/ft/200914L00221
/eli/ft/200914L00225
/eli/retsinfo/2009/9925
/eli/retsinfo/2009/9924
/eli/ft/200915L00215
/eli/ft/200912L00078
/eli/retsinfo/2009/9918
/eli/ft/200914L00195
/eli/lta/2009/1083
/eli/ft/200912L00069
/eli/ft/200912L00063
/eli/ft/200914L00187
/eli/lta/2009/1068
/eli/ft/200914L00161
/eli/ft/200914L00163
/eli/lta/2009/1066
/eli/lta/2009/1058
/eli/ft/200914L00159
/eli/mt/2009/94
/eli/ft/200914L00149
/eli/retsinfo/2009/9865
/eli/ft/20091BB00049
/eli/ft/20091BB00042
/eli/ft/200912L00054
/eli/ft/20091BB00037
/eli/ft/20091BB00036
/eli/lta/2009/1009
/eli/ft/20091BB00035
/eli/ft/20091BB00033
/eli/ft/20091BB00029
/eli/lta/2009/1003
/eli/lta/2009/994
/eli/lta/2009/993
/eli/lta/2009/992
/eli/lta/2009/981
/eli/ft/200912L00041
/eli/ft/20091BB00026
/eli/ft/20091BB00025
/eli/ft/20091BB00024
/eli/ft/20091BB00023
/eli/ft/20091BB00022
/eli/ft/20091BB00021
/eli/ft/20091BB00020
/eli/ft/20091BB00019
/eli/ft/20091BB00018
/eli/lta/2009/979
/eli/lta/2009/973
/eli/ft/20091BB00013
/eli/ft/20091BB00012
/eli/ft/20091BB00008
/eli/ft/200912L00005
/eli/ft/200912L00004
/eli/ft/200912L00025
/eli/ft/200912L00013
/eli/ft/200912L00011
/eli/ft/200912L00010
/eli/ft/20091BB00006
/eli/ft/20091BB00003
/eli/ft/200912L00002
/eli/ltc/2009/37
/eli/lta/2009/940
/eli/lta/2009/938
/eli/retsinfo/2009/9773
/eli/lta/2009/903
/eli/lta/2009/894
/eli/lta/2009/888
/eli/mt/2009/70
/eli/retsinfo/2009/9694
/eli/lta/2009/816
/eli/lta/2009/793
/eli/retsinfo/2009/9662
/eli/retsinfo/2009/9643
/eli/ltc/2009/33
/eli/retsinfo/2009/9594
/eli/retsinfo/2009/9554
/eli/retsinfo/2009/9499
/eli/lta/2009/763
/eli/lta/2009/756
/eli/lta/2009/751
/eli/lta/2009/747
/eli/lta/2009/743
/eli/lta/2009/742
/eli/mt/2009/48
/eli/retsinfo/2009/9339
/eli/lta/2009/601
/eli/lta/2009/594
/eli/lta/2009/577
/eli/lta/2009/567
/eli/lta/2009/548
/eli/lta/2009/543
/eli/lta/2009/541
/eli/lta/2009/446
/eli/lta/2009/443
/eli/lta/2009/434
/eli/lta/2009/420
/eli/lta/2009/398
/eli/lta/2009/397
/eli/lta/2009/377
/eli/mt/2009/32
/eli/retsinfo/2009/9240
/eli/retsinfo/2009/9235
/eli/retsinfo/2009/9234
/eli/retsinfo/2009/9233
/eli/retsinfo/2009/9231
/eli/retsinfo/2009/9228
/eli/retsinfo/2009/9227
/eli/lta/2009/334
/eli/lta/2009/333
/eli/mt/2009/30
/eli/mt/2009/28
/eli/lta/2009/309
/eli/retsinfo/2009/9191
/eli/lta/2009/304
/eli/mt/2009/27
/eli/retsinfo/2009/9167
/eli/lta/2009/252
/eli/lta/2009/251
/eli/lta/2009/243
/eli/lta/2009/229
/eli/lta/2009/222
/eli/lta/2009/209
/eli/lta/2009/207
/eli/lta/2009/203
/eli/lta/2009/202
/eli/lta/2009/201
/eli/lta/2009/200
/eli/lta/2009/181
/eli/lta/2009/176
/eli/ltc/2009/14
/eli/lta/2009/174
/eli/mt/2009/21
/eli/lta/2009/171
/eli/lta/2009/168
/eli/lta/2009/167
/eli/lta/2009/165
/eli/lta/2009/164
/eli/lta/2009/157
/eli/lta/2009/131
/eli/ltc/2009/8
/eli/lta/2009/92
/eli/mt/2009/2
/eli/lta/2009/2
/eli/lta/2009/1
/eli/retsinfo/2010/10441
/eli/retsinfo/2010/10351
/eli/retsinfo/2010/10319
/eli/fob/2010/1208
/eli/retsinfo/2010/9862
/eli/ft/20102BB00001
/eli/fob/2010/0211
/eli/ft/201014L01007
/eli/ft/201014L00989
/eli/ft/201014L00993
/eli/ft/201014L00967
/eli/ft/201014L00858
/eli/ft/20101SS00006
/eli/ft/20101BB00135
/eli/ft/201012L00203
/eli/ft/201014L00832
/eli/ft/201014L00782
/eli/ft/20101DB00771
/eli/ft/201014L00742
/eli/ft/201014L00746
/eli/ft/201014L00744
/eli/ft/201012L00189
/eli/ft/201014L00730
/eli/ft/20101BB00118
/eli/ft/20101BB00109
/eli/ft/20101BB00097
/eli/ft/201014L00678
/eli/ft/201014L00614
/eli/ft/201014L00616
/eli/ft/201012L00165
/eli/ft/201012L00164
/eli/ft/201012L00160
/eli/ft/201014L00570
/eli/ft/201014L00568
/eli/ft/201012L00147
/eli/ft/201012L00146
/eli/ft/201012L00142
/eli/ft/201012L00141
/eli/ft/201012L00140
/eli/ft/201012L00137
/eli/ft/201012L00135
/eli/ft/201012L00121
/eli/retsinfo/2010/9738
/eli/ft/20101BB00059
/eli/ft/201012L00109
/eli/ft/201012L00107
/eli/fob/2010/0601
/eli/lta/2010/1662
/eli/lta/2010/1579
/eli/lta/2010/1577
/eli/lta/2010/1576
/eli/lta/2010/1572
/eli/lta/2010/1499
/eli/lta/2010/1460
/eli/lta/2010/1459
/eli/lta/2010/1451
/eli/lta/2010/1443
/eli/retsinfo/2010/9678
/eli/lta/2010/1410
/eli/ft/201014L00323
/eli/ft/201014L00357
/eli/ft/20101BB00037
/eli/ft/201012L00096
/eli/ft/201014L00297
/eli/lta/2010/1362
/eli/ft/201014L00289
/eli/ft/201014L00287
/eli/ft/201014L00223
/eli/ft/20101BB00034
/eli/ft/20101BB00033
/eli/ft/201012L00087
/eli/ft/201014L00195
/eli/ft/201014L00189
/eli/ft/201012L00084
/eli/lta/2010/1255
/eli/retsinfo/2010/9612
/eli/lta/2010/1225
/eli/ft/201012L00039
/eli/ft/20101BB00011
/eli/lta/2010/1209
/eli/retsinfo/2010/9568
/eli/lta/2010/1178
/eli/lta/2010/1176
/eli/lta/2010/1175
/eli/ft/201012L00029
/eli/lta/2010/1170
/eli/retsinfo/2010/9559
/eli/lta/2010/1165
/eli/lta/2010/1162
/eli/ft/201012L00022
/eli/ft/201012L00021
/eli/ft/201012L00011
/eli/ft/20101BB00002
/eli/ft/201012L00005
/eli/retsinfo/2010/9541
/eli/lta/2010/1131
/eli/lta/2010/1129
/eli/lta/2010/1125
/eli/retsinfo/2010/9536
/eli/mt/2010/78
/eli/retsinfo/2010/9499
/eli/retsinfo/2010/9473
/eli/lta/2010/1023
/eli/lta/2010/1022
/eli/lta/2010/997
/eli/lta/2010/988
/eli/lta/2010/947
/eli/lta/2010/940
/eli/retsinfo/2010/9326
/eli/lta/2010/928
/eli/retsinfo/2010/9319
/eli/retsinfo/2010/9318
/eli/lta/2010/879
/eli/lta/2010/866
/eli/lta/2010/865
/eli/lta/2010/859
/eli/lta/2010/851
/eli/ltc/2010/44
/eli/lta/2010/838
/eli/mt/2010/54
/eli/lta/2010/810
/eli/lta/2010/785
/eli/lta/2010/761
/eli/lta/2010/744
/eli/lta/2010/692
/eli/lta/2010/669
/eli/lta/2010/612
/eli/retsinfo/2010/9264
/eli/lta/2010/585
/eli/lta/2010/562
/eli/lta/2010/558
/eli/retsinfo/2010/9243
/eli/lta/2010/535
/eli/lta/2010/514
/eli/lta/2010/497
/eli/lta/2010/490
/eli/lta/2010/475
/eli/lta/2010/467
/eli/retsinfo/2010/9185
/eli/lta/2010/459
/eli/lta/2010/458
/eli/lta/2010/432
/eli/retsinfo/2010/9177
/eli/retsinfo/2010/9176
/eli/ltc/2010/27
/eli/lta/2010/392
/eli/ltc/2010/26
/eli/retsinfo/2010/9153
/eli/lta/2010/362
/eli/lta/2010/354
/eli/lta/2010/351
/eli/lta/2010/265
/eli/retsinfo/2010/9101
/eli/lta/2010/259
/eli/ltc/2010/23
/eli/ltc/2010/20
/eli/retsinfo/2010/9083
/eli/lta/2010/202
/eli/lta/2010/197
/eli/ltc/2010/13
/eli/lta/2010/136
/eli/lta/2010/107
/eli/lta/2010/99
/eli/lta/2010/70
/eli/lta/2010/65
/eli/ltc/2010/6
/eli/lta/2010/28
/eli/ltc/2010/2
/eli/fob/2011/41201
/eli/fob/2011/0506
/eli/retsinfo/2011/10223
/eli/retsinfo/2011/10222
/eli/retsinfo/2011/10197
/eli/retsinfo/2011/10113
/eli/retsinfo/2011/10112
/eli/retsinfo/2011/9794
/eli/fob/2011/0517
/eli/ft/201112L00199
/eli/ft/201112L00198
/eli/ft/201112L00194
/eli/ft/201115L00857
/eli/ft/201115L00859
/eli/ft/20111DB00843
/eli/ft/201114L00831
/eli/ft/201114L00829
/eli/ft/201114L00835
/eli/ft/201114L00827
/eli/ft/201114L00783
/eli/ft/201114L00710
/eli/ft/201114L00702
/eli/ft/201114L00700
/eli/ft/20111BB00087
/eli/ft/201114L00671
/eli/ft/201114L00673
/eli/ft/201114L00669
/eli/ft/201112L00182
/eli/ft/201112L00176
/eli/ft/201112L00175
/eli/ft/201112L00161
/eli/ft/201114L00553
/eli/ft/201114L00549
/eli/ft/20111BB00075
/eli/ft/201112L00152
/eli/ft/201114L00519
/eli/ft/201114L00517
/eli/ft/20111BB00061
/eli/ft/201112L00134
/eli/ft/201112L00132
/eli/ft/201112L00131
/eli/ft/201112L00130
/eli/ft/201112L00129
/eli/ft/201112L00124
/eli/ft/201114L00398
/eli/retsinfo/2011/9695
/eli/retsinfo/2011/9694
/eli/ft/20111BB00049
/eli/ft/201114L00378
/eli/ft/201114L00372
/eli/ft/201114L00370
/eli/ft/201114L00356
/eli/ft/201112L00096
/eli/ft/201114L00308
/eli/ft/201114L00298
/eli/ft/201112L00075
/eli/ft/201112L00074
/eli/ft/201112L00064
/eli/retsinfo/2011/9640
/eli/retsinfo/2011/9636
/eli/lta/2011/1404
/eli/lta/2011/1399
/eli/lta/2011/1356
/eli/lta/2011/1352
/eli/lta/2011/1326
/eli/lta/2011/1321
/eli/lta/2011/1309
/eli/lta/2011/1296
/eli/lta/2011/1293
/eli/lta/2011/1289
/eli/lta/2011/1284
/eli/lta/2011/1283
/eli/ft/201112L00060
/eli/ft/201114L00189
/eli/lta/2011/1190
/eli/ft/201112L00057
/eli/ft/20111XX00152
/eli/ft/201112L00054
/eli/ft/20111BB00023
/eli/retsinfo/2011/9607
/eli/retsinfo/2011/9606
/eli/lta/2011/1167
/eli/lta/2011/1163
/eli/ft/20111BB00022
/eli/fob/2011/2010
/eli/lta/2011/1134
/eli/lta/2011/1075
/eli/lta/2011/1071
/eli/fob/2011/0412
/eli/ft/201112L00025
/eli/lta/2011/1056
/eli/retsinfo/2011/9570
/eli/retsinfo/2011/9553
/eli/ltc/2011/29
/eli/ft/201112L00008
/eli/ft/201112L00007
/eli/lta/2011/1022
/eli/retsinfo/2011/9536
/eli/lta/2011/1014
/eli/lta/2011/1013
/eli/ft/201112L00006
/eli/ft/201112L00005
/eli/lta/2011/997
/eli/lta/2011/986
/eli/ft/201112L00003
/eli/retsinfo/2011/9461
/eli/retsinfo/2011/9443
/eli/lta/2011/922
/eli/retsinfo/2011/9372
/eli/lta/2011/900
/eli/lta/2011/892
/eli/lta/2011/885
/eli/retsinfo/2011/9359
/eli/lta/2011/874
/eli/lta/2011/873
/eli/lta/2011/848
/eli/lta/2011/845
/eli/retsinfo/2011/9271
/eli/lta/2011/830
/eli/lta/2011/819
/eli/lta/2011/807
/eli/lta/2011/761
/eli/lta/2011/734
/eli/lta/2011/733
/eli/lta/2011/719
/eli/lta/2011/712
/eli/lta/2011/710
/eli/lta/2011/702
/eli/lta/2011/666
/eli/lta/2011/657
/eli/fob/2011/2006
/eli/retsinfo/2011/9193
/eli/lta/2011/557
/eli/lta/2011/556
/eli/retsinfo/2011/9190
/eli/ltc/2011/18
/eli/lta/2011/507
/eli/lta/2011/506
/eli/lta/2011/488
/eli/lta/2011/482
/eli/lta/2011/478
/eli/fob/2011/2003
/eli/retsinfo/2011/9140
/eli/lta/2011/391
/eli/lta/2011/367
/eli/lta/2011/342
/eli/lta/2011/331
/eli/lta/2011/329
/eli/lta/2011/328
/eli/lta/2011/284
/eli/lta/2011/258
/eli/lta/2011/257
/eli/lta/2011/242
/eli/lta/2011/203
/eli/lta/2011/196
/eli/lta/2011/195
/eli/lta/2011/194
/eli/lta/2011/164
/eli/lta/2011/144
/eli/lta/2011/138
/eli/lta/2011/128
/eli/lta/2011/127
/eli/lta/2011/110
/eli/retsinfo/2011/9035
/eli/lta/2011/93
/eli/lta/2011/86
/eli/retsinfo/2011/9027
/eli/lta/2011/75
/eli/retsinfo/2011/9023
/eli/lta/2011/73
/eli/lta/2011/62
/eli/lta/2011/58
/eli/lta/2011/56
/eli/lta/2011/51
/eli/lta/2011/50
/eli/lta/2011/47
/eli/lta/2011/41
/eli/lta/2011/38
/eli/retsinfo/2011/9012
/eli/lta/2011/25
/eli/lta/2011/16
/eli/retsinfo/2012/10323
/eli/retsinfo/2012/10149
/eli/retsinfo/2012/10134
/eli/ft/20121EB01119
/eli/retsinfo/2012/10014
/eli/retsinfo/2012/10013
/eli/retsinfo/2012/10012
/eli/retsinfo/2012/10001
/eli/retsinfo/2012/9956
/eli/ft/201213L00219
/eli/ft/201213L00217
/eli/ft/201214L01081
/eli/ft/201214L01075
/eli/ft/20121EB01059
/eli/ft/201215L01053
/eli/ft/201212L00224
/eli/ft/20121DB01031
/eli/ft/201214L00957
/eli/ft/201214L00971
/eli/ft/201214L00961
/eli/ft/201214L00973
/eli/ft/201214L00911
/eli/ft/201214L00937
/eli/ft/201213L00202
/eli/ft/201212L00221
/eli/ft/201214L00873
/eli/ft/201212L00219
/eli/ft/201212L00218
/eli/ft/201212L00216
/eli/ft/201213L00176
/eli/ft/201214L00840
/eli/ft/201214L00838
/eli/ft/201213L00215
/eli/ft/201212L00215
/eli/ft/20121BB00127
/eli/ft/201214L00740
/eli/ft/201213L00120
/eli/ft/20121BB00108
/eli/ft/201212L00202
/eli/ft/20121BB00092
/eli/retsinfo/2012/9735
/eli/ft/201214L00692
/eli/ft/201212L00199
/eli/ft/20121XX00654
/eli/ft/20121BB00087
/eli/ft/201212L00180
/eli/ft/201214L00618
/eli/ft/201214L00610
/eli/ft/201212L00175
/eli/ft/201212L00171
/eli/ft/201212L00170
/eli/ft/201212L00169
/eli/ft/201212L00167
/eli/ft/201212L00156
/eli/ft/201214L00539
/eli/ft/201212L00150
/eli/retsinfo/2012/9652
/eli/ft/201212L00135
/eli/ft/201212L00134
/eli/ft/201212L00120
/eli/ft/20121BB00053
/eli/retsinfo/2012/9647
/eli/ft/201212L00114
/eli/lta/2012/1463
/eli/retsinfo/2012/9632
/eli/lta/2012/1453
/eli/lta/2012/1452
/eli/lta/2012/1451
/eli/retsinfo/2012/9630
/eli/lta/2012/1369
/eli/lta/2012/1368
/eli/mt/2012/91
/eli/retsinfo/2012/9621
/eli/retsinfo/2012/9619
/eli/lta/2012/1314
/eli/lta/2012/1310
/eli/ft/20121BB00043
/eli/retsinfo/2012/9607
/eli/retsinfo/2012/9606
/eli/lta/2012/1281
/eli/lta/2012/1270
/eli/lta/2012/1264
/eli/ft/201212L00108
/eli/lta/2012/1201
/eli/ft/201215L00411
/eli/retsinfo/2012/9602
/eli/ft/201214L00391
/eli/ft/201214L00345
/eli/ft/201214L00361
/eli/lta/2012/1150
/eli/ft/201214L00315
/eli/lta/2012/1145
/eli/lta/2012/1127
/eli/ft/20121BB00035
/eli/retsinfo/2012/9590
/eli/lta/2012/1114
/eli/ft/201212L00096
/eli/lta/2012/1105
/eli/lta/2012/1101
/eli/lta/2012/1100
/eli/ft/201212L00095
/eli/ft/201212L00089
/eli/retsinfo/2012/9572
/eli/retsinfo/2012/9562
/eli/retsinfo/2012/9560
/eli/ft/201214L00195
/eli/ft/201212L00087
/eli/ft/201212L00086
/eli/ft/201212L00081
/eli/ft/201212L00074
/eli/ft/201212L00080
/eli/ft/201212L00079
/eli/ft/201212L00072
/eli/retsinfo/2012/9555
/eli/ft/201212L00067
/eli/lta/2012/1041
/eli/retsinfo/2012/9541
/eli/mt/2012/77
/eli/retsinfo/2012/9526
/eli/retsinfo/2012/9523
/eli/lta/2012/1017
/eli/ft/201212L00040
/eli/ft/20121BB00016
/eli/lta/2012/986
/eli/ft/201212L00035
/eli/ft/201212L00032
/eli/lta/2012/983
/eli/ft/201212L00026
/eli/lta/2012/977
/eli/lta/2012/976
/eli/ft/201212L00007
/eli/lta/2012/967
/eli/lta/2012/949
/eli/lta/2012/939
/eli/ltc/2012/24
/eli/retsinfo/2012/9438
/eli/mt/2012/69
/eli/lta/2012/914
/eli/retsinfo/2012/9415
/eli/mt/2012/62
/eli/lta/2012/835
/eli/lta/2012/821
/eli/retsinfo/2012/9321
/eli/lta/2012/801
/eli/retsinfo/2012/9320
/eli/retsinfo/2012/9315
/eli/lta/2012/797
/eli/lta/2012/770
/eli/retsinfo/2012/9282
/eli/retsinfo/2012/9281
/eli/retsinfo/2012/9280
/eli/retsinfo/2012/9278
/eli/retsinfo/2012/9275
/eli/retsinfo/2012/9274
/eli/lta/2012/722
/eli/lta/2012/715
/eli/lta/2012/707
/eli/lta/2012/706
/eli/lta/2012/705
/eli/lta/2012/696
/eli/lta/2012/690
/eli/lta/2012/654
/eli/lta/2012/627
/eli/lta/2012/623
/eli/ltc/2012/18
/eli/lta/2012/502
/eli/lta/2012/486
/eli/lta/2012/463
/eli/lta/2012/459
/eli/lta/2012/458
/eli/lta/2012/449
/eli/lta/2012/435
/eli/lta/2012/434
/eli/lta/2012/430
/eli/lta/2012/415
/eli/lta/2012/386
/eli/lta/2012/366
/eli/retsinfo/2012/9189
/eli/retsinfo/2012/9124
/eli/lta/2012/319
/eli/lta/2012/300
/eli/lta/2012/247
/eli/retsinfo/2012/9097
/eli/lta/2012/224
/eli/lta/2012/199
/eli/lta/2012/188
/eli/lta/2012/179
/eli/retsinfo/2012/9056
/eli/lta/2012/130
/eli/lta/2012/60
/eli/retsinfo/2012/9033
/eli/lta/2012/33
/eli/lta/2012/30
/eli/lta/2012/25
/eli/retsinfo/2012/9013
/eli/retsinfo/2012/9004
/eli/retsinfo/2013/10059
/eli/retsinfo/2013/10041
/eli/ft/20131DB01021
/eli/ft/20131DB01019
/eli/ft/20131DB01009
/eli/ft/201312L00202
/eli/ft/20131BB00122
/eli/ft/20131XX01001
/eli/ft/201312L00200
/eli/ft/201313L00195
/eli/ft/201313L00180
/eli/ft/20131BB00121
/eli/ft/20131DB00985
/eli/ft/201315L00973
/eli/ft/201315L00967
/eli/ft/20131DB00981
/eli/ft/20131DB00961
/eli/ft/201317L00933
/eli/ft/201313L00163
/eli/ft/201314L00922
/eli/ft/201314L00906
/eli/ft/201314L00924
/eli/ft/201314L00926
/eli/ft/20131DB00858
/eli/ft/201317L00854
/eli/ft/201314L00852
/eli/ft/201315L00797
/eli/ft/201314L00781
/eli/ft/201314L00753
/eli/ft/201314L00769
/eli/ft/20131EB00743
/eli/ft/201312L00192
/eli/ft/201312L00189
/eli/ft/20131DB00713
/eli/ft/201314L00693
/eli/ft/20131BB00114
/eli/ft/201312L00180
/eli/ft/20131XX00689
/eli/ft/201312L00172
/eli/ft/201314L00681
/eli/ft/20131BB00110
/eli/ft/201314L00683
/eli/ft/201312L00178
/eli/ft/201312L00177
/eli/ft/20131DB00663
/eli/ft/201313L00121
/eli/ft/20131BB00083
/eli/ft/201314L00633
/eli/ft/20131BB00071
/eli/ft/201312L00171
/eli/ft/201312L00164
/eli/ft/201312L00163
/eli/ft/20131BB00068
/eli/ft/201314L00588
/eli/ft/201314L00590
/eli/ft/201313L00133
/eli/ft/201315L00570
/eli/ft/20131XX00550
/eli/ft/201312L00155
/eli/ft/201312L00154
/eli/ft/20131XX00548
/eli/ft/201312L00153
/eli/ft/201314L00544
/eli/ft/201312L00144
/eli/ft/201312L00140
/eli/ft/20131BB00057
/eli/ft/201314L00483
/eli/ft/20131BB00054
/eli/ft/20131BB00053
/eli/ft/201315L00477
/eli/ft/20131XX00472
/eli/ft/201312L00133
/eli/retsinfo/2013/9903
/eli/ft/201314L00454
/eli/ft/201312L00123
/eli/ft/20131XX00426
/eli/ft/201312L00121
/eli/ft/201314L00412
/eli/retsinfo/2013/9877
/eli/ft/201314L00382
/eli/lta/2013/1649
/eli/lta/2013/1645
/eli/lta/2013/1624
/eli/ft/201312L00103
/eli/lta/2013/1552
/eli/lta/2013/1542
/eli/ft/201313L00013
/eli/retsinfo/2013/9809
/eli/lta/2013/1513
/eli/ft/201315L00356
/eli/ft/20131DB00348
/eli/ft/20131SS00001
/eli/ft/201312L00102
/eli/retsinfo/2013/9801
/eli/retsinfo/2013/9798
/eli/lta/2013/1405
/eli/lta/2013/1404
/eli/ft/201314L00308
/eli/retsinfo/2013/9790
/eli/ft/201314L00304
/eli/ft/201314L00280
/eli/retsinfo/2013/9787
/eli/retsinfo/2013/9770
/eli/ft/201314L00258
/eli/ft/201314L00256
/eli/ft/201312L00094
/eli/ft/201314L00238
/eli/retsinfo/2013/9739
/eli/retsinfo/2013/9731
/eli/retsinfo/2013/9685
/eli/ft/201314L00210
/eli/lta/2013/1343
/eli/lta/2013/1336
/eli/lta/2013/1334
/eli/fob/2013/0022
/eli/ft/201314L00166
/eli/retsinfo/2013/9633
/eli/retsinfo/2013/9632
/eli/retsinfo/2013/9627
/eli/retsinfo/2013/9626
/eli/retsinfo/2013/9624
/eli/lta/2013/1293
/eli/lta/2013/1291
/eli/lta/2013/1290
/eli/lta/2013/1283
/eli/lta/2013/1281
/eli/ft/20131XX00128
/eli/ft/201312L00067
/eli/ft/201312L00064
/eli/retsinfo/2013/9608
/eli/retsinfo/2013/9605
/eli/retsinfo/2013/9602
/eli/lta/2013/1248
/eli/lta/2013/1247
/eli/ft/201312L00054
/eli/ft/201312L00047
/eli/retsinfo/2013/9584
/eli/retsinfo/2013/9582
/eli/retsinfo/2013/9581
/eli/retsinfo/2013/9567
/eli/lta/2013/1207
/eli/lta/2013/1198
/eli/ft/201312L00040
/eli/ft/201312L00039
/eli/retsinfo/2013/9538
/eli/ft/20131BB00008
/eli/ft/201312L00033
/eli/ft/201312L00022
/eli/ft/20131XX00018
/eli/ft/201312L00013
/eli/ft/201312L00009
/eli/ft/20131BB00005
/eli/lta/2013/1145
/eli/lta/2013/1140
/eli/lta/2013/1136
/eli/retsinfo/2013/9511
/eli/retsinfo/2013/9507
/eli/retsinfo/2013/9503
/eli/retsinfo/2013/9491
/eli/retsinfo/2013/9485
/eli/retsinfo/2013/9475
/eli/retsinfo/2013/9468
/eli/lta/2013/1087
/eli/retsinfo/2013/9458
/eli/ltc/2013/13
/eli/retsinfo/2013/9449
/eli/lta/2013/1049
/eli/retsinfo/2013/9420
/eli/lta/2013/1017
/eli/lta/2013/965
/eli/retsinfo/2013/9366
/eli/retsinfo/2013/9364
/eli/lta/2013/947
/eli/lta/2013/922
/eli/lta/2013/903
/eli/retsinfo/2013/9337
/eli/retsinfo/2013/9336
/eli/retsinfo/2013/9331
/eli/lta/2013/876
/eli/lta/2013/869
/eli/lta/2013/847
/eli/lta/2013/789
/eli/lta/2013/788
/eli/lta/2013/776
/eli/lta/2013/763
/eli/lta/2013/760
/eli/lta/2013/754
/eli/lta/2013/730
/eli/lta/2013/728
/eli/lta/2013/693
/eli/lta/2013/688
/eli/lta/2013/687
/eli/lta/2013/684
/eli/retsinfo/2013/9264
/eli/lta/2013/670
/eli/lta/2013/663
/eli/lta/2013/597
/eli/lta/2013/593
/eli/lta/2013/591
/eli/lta/2013/543
/eli/lta/2013/518
/eli/retsinfo/2013/9230
/eli/lta/2013/505
/eli/lta/2013/497
/eli/lta/2013/460
/eli/lta/2013/438
/eli/lta/2013/437
/eli/lta/2013/415
/eli/retsinfo/2013/9187
/eli/lta/2013/409
/eli/lta/2013/387
/eli/lta/2013/385
/eli/lta/2013/380
/eli/lta/2013/289
/eli/lta/2013/245
/eli/lta/2013/200
/eli/lta/2013/177
/eli/retsinfo/2013/9066
/eli/retsinfo/2013/9064
/eli/retsinfo/2013/9062
/eli/retsinfo/2013/9058
/eli/lta/2013/123
/eli/retsinfo/2013/9050
/eli/retsinfo/2013/9048
/eli/lta/2013/112
/eli/lta/2013/88
/eli/lta/2013/59
/eli/lta/2013/24
/eli/retsinfo/2013/9021
/eli/retsinfo/2013/9017
/eli/retsinfo/2014/10576
/eli/retsinfo/2014/10567
/eli/ft/201422L00009
/eli/ft/20142BB00001
/eli/ft/201422L00001
/eli/ft/201413L00157
/eli/ft/201414L00911
/eli/ft/201412L00202
/eli/ft/201413L00128
/eli/ft/201413L00130
/eli/ft/201412L00198
/eli/ft/201413L00151
/eli/ft/201417L00819
/eli/ft/20141EB00801
/eli/ft/201413L00154
/eli/ft/201412L00187
/eli/ft/20141BB00136
/eli/ft/201413L00105
/eli/ft/201412L00175
/eli/ft/201412L00171
/eli/ft/201413L00114
/eli/ft/201412L00167
/eli/ft/201412L00164
/eli/ft/201414L00635
/eli/ft/201414L00625
/eli/ft/201412L00157
/eli/ft/20141XX00601
/eli/ft/201413L00098
/eli/ft/201412L00154
/eli/ft/20141XX00583
/eli/ft/201412L00142
/eli/ft/201412L00141
/eli/fob/2014/42
/eli/ft/201414L00539
/eli/ft/201414L00525
/eli/ft/20141XX00517
/eli/ft/201412L00137
/eli/ft/201412L00136
/eli/ft/20141BB00068
/eli/ft/201415L00501
/eli/ft/201412L00129
/eli/ft/201412L00128
/eli/ft/201412L00124
/eli/ft/201412L00119
/eli/ft/201412L00117
/eli/ft/20141BB00060
/eli/ft/201412L00114
/eli/retsinfo/2014/10404
/eli/ft/201414L00449
/eli/ft/201412L00110
/eli/lta/2014/1604
/eli/retsinfo/2014/10385
/eli/lta/2014/1571
/eli/lta/2014/1570
/eli/lta/2014/1566
/eli/lta/2014/1564
/eli/lta/2014/1545
/eli/lta/2014/1532
/eli/lta/2014/1490
/eli/retsinfo/2014/10355
/eli/retsinfo/2014/10354
/eli/retsinfo/2014/10353
/eli/lta/2014/1473
/eli/retsinfo/2014/10351
/eli/lta/2014/1464
/eli/lta/2014/1454
/eli/ft/201412L00105
/eli/ft/201412L00100
/eli/ft/201413LA0064
/eli/ft/201413L00073
/eli/ft/20141CB00025
/eli/lta/2014/1400
/eli/lta/2014/1399
/eli/lta/2014/1389
/eli/lta/2014/1387
/eli/ft/201412L00104
/eli/ft/201412L00099
/eli/ft/201412L00098
/eli/ft/201414L00421
/eli/lta/2014/1372
/eli/ft/20141DB00387
/eli/ft/20141DB00385
/eli/lta/2014/1346
/eli/ft/201414L00357
/eli/lta/2014/1313
/eli/lta/2014/1310
/eli/ft/201413L00037
/eli/lta/2014/1295
/eli/ft/201414L00307
/eli/ft/201414L00309
/eli/lta/2014/1280
/eli/lta/2014/1277
/eli/ft/201414L00255
/eli/ft/201414L00259
/eli/ft/201417L00225
/eli/ft/201414L00219
/eli/ft/201414L00223
/eli/ft/20141XX00201
/eli/retsinfo/2014/9961
/eli/lta/2014/1244
/eli/lta/2014/1241
/eli/retsinfo/2014/9957
/eli/retsinfo/2014/9956
/eli/retsinfo/2014/9955
/eli/retsinfo/2014/9954
/eli/retsinfo/2014/9953
/eli/retsinfo/2014/9952
/eli/retsinfo/2014/9951
/eli/ft/201414L00185
/eli/lta/2014/1210
/eli/ft/20141BB00034
/eli/retsinfo/2014/9923
/eli/ft/20141SS00001
/eli/ft/201412L00073
/eli/ft/201412L00072
/eli/retsinfo/2014/9899
/eli/ft/20141BB00025
/eli/ft/20141XX00155
/eli/ft/201412L00064
/eli/ft/201412L00060
/eli/ft/20141BB00024
/eli/lta/2014/1183
/eli/ft/201412L00057
/eli/ft/201412L00053
/eli/retsinfo/2014/9882
/eli/lta/2014/1166
/eli/lta/2014/1161
/eli/retsinfo/2014/9827
/eli/ft/201412L00044
/eli/ft/201412L00043
/eli/ft/201412L00042
/eli/ft/201412L00041
/eli/ft/201412L00011
/eli/ft/201414L00080
/eli/retsinfo/2014/9816
/eli/retsinfo/2014/9814
/eli/retsinfo/2014/9813
/eli/lta/2014/1144
/eli/retsinfo/2014/9801
/eli/retsinfo/2014/9800
/eli/retsinfo/2014/9799
/eli/lta/2014/1110
/eli/lta/2014/1108
/eli/retsinfo/2014/9759
/eli/ft/20141BB00008
/eli/lta/2014/1093
/eli/ft/201412L00028
/eli/ft/201412L00022
/eli/ft/201412L00021
/eli/ft/20141XX00046
/eli/ft/201412L00009
/eli/ft/201412L00004
/eli/ft/201412L00002
/eli/lta/2014/1073
/eli/lta/2014/1071
/eli/lta/2014/1029
/eli/retsinfo/2014/9696
/eli/retsinfo/2014/9695
/eli/retsinfo/2014/9694
/eli/lta/2014/1008
/eli/lta/2014/990
/eli/lta/2014/974
/eli/fob/2014/0024
/eli/retsinfo/2014/9667
/eli/ltc/2014/14
/eli/retsinfo/2014/9653
/eli/lta/2014/964
/eli/lta/2014/944
/eli/retsinfo/2014/9636
/eli/retsinfo/2014/9635
/eli/retsinfo/2014/9634
/eli/retsinfo/2014/9630
/eli/lta/2014/928
/eli/ltc/2014/12
/eli/lta/2014/912
/eli/lta/2014/911
/eli/lta/2014/909
/eli/retsinfo/2014/9580
/eli/retsinfo/2014/9579
/eli/retsinfo/2014/9565
/eli/lta/2014/897
/eli/lta/2014/896
/eli/lta/2014/892
/eli/retsinfo/2014/9510
/eli/lta/2014/886
/eli/retsinfo/2014/9498
/eli/retsinfo/2014/9497
/eli/lta/2014/868
/eli/lta/2014/844
/eli/retsinfo/2014/9467
/eli/retsinfo/2014/9443
/eli/retsinfo/2014/9431
/eli/lta/2014/803
/eli/lta/2014/801
/eli/lta/2014/768
/eli/lta/2014/718
/eli/lta/2014/709
/eli/lta/2014/682
/eli/lta/2014/655
/eli/lta/2014/647
/eli/lta/2014/634
/eli/lta/2014/633
/eli/lta/2014/628
/eli/retsinfo/2014/9377
/eli/retsinfo/2014/9358
/eli/retsinfo/2014/9353
/eli/lta/2014/533
/eli/lta/2014/506
/eli/lta/2014/503
/eli/lta/2014/501
/eli/lta/2014/500
/eli/lta/2014/497
/eli/lta/2014/496
/eli/lta/2014/491
/eli/retsinfo/2014/9300
/eli/lta/2014/444
/eli/retsinfo/2014/9276
/eli/retsinfo/2014/9268
/eli/ltc/2014/8
/eli/lta/2014/434
/eli/retsinfo/2014/9238
/eli/retsinfo/2014/9237
/eli/retsinfo/2014/9230
/eli/retsinfo/2014/9229
/eli/retsinfo/2014/9227
/eli/retsinfo/2014/9225
/eli/retsinfo/2014/9224
/eli/fob/2014/0004
/eli/retsinfo/2014/9213
/eli/retsinfo/2014/9212
/eli/retsinfo/2014/9211
/eli/lta/2014/359
/eli/lta/2014/347
/eli/retsinfo/2014/9200
/eli/retsinfo/2014/9199
/eli/lta/2014/345
/eli/retsinfo/2014/9197
/eli/retsinfo/2014/9196
/eli/retsinfo/2014/9195
/eli/retsinfo/2014/9194
/eli/retsinfo/2014/9193
/eli/retsinfo/2014/9186
/eli/retsinfo/2014/9185
/eli/retsinfo/2014/9184
/eli/retsinfo/2014/9182
/eli/retsinfo/2014/9181
/eli/retsinfo/2014/9180
/eli/retsinfo/2014/9179
/eli/retsinfo/2014/9178
/eli/retsinfo/2014/9174
/eli/retsinfo/2014/9172
/eli/retsinfo/2014/9171
/eli/retsinfo/2014/9170
/eli/retsinfo/2014/9168
/eli/retsinfo/2014/9167
/eli/retsinfo/2014/9166
/eli/retsinfo/2014/9165
/eli/retsinfo/2014/9164
/eli/lta/2014/337
/eli/lta/2014/316
/eli/lta/2014/304
/eli/retsinfo/2014/9131
/eli/lta/2014/268
/eli/lta/2014/250
/eli/lta/2014/247
/eli/lta/2014/240
/eli/lta/2014/239
/eli/lta/2014/231
/eli/lta/2014/220
/eli/lta/2014/212
/eli/lta/2014/211
/eli/lta/2014/203
/eli/lta/2014/201
/eli/retsinfo/2014/9114
/eli/retsinfo/2014/9111
/eli/lta/2014/175
/eli/lta/2014/155
/eli/retsinfo/2014/9076
/eli/lta/2014/130
/eli/lta/2014/129
/eli/retsinfo/2014/9058
/eli/lta/2014/116
/eli/lta/2014/104
/eli/retsinfo/2014/9032
/eli/retsinfo/2014/9018
/eli/lta/2014/34
/eli/lta/2014/25
/eli/lta/2014/24
/eli/lta/2014/16
/eli/retsinfo/2014/9012
/eli/ltc/2014/1
/eli/retsinfo/2015/11584
/eli/retsinfo/2015/11541
/eli/retsinfo/2015/11536
/eli/ft/201512L00193
/eli/ft/201513L00190
/eli/ft/201513L00173
/eli/ft/201513L00058
/eli/ft/201513L00156
/eli/ft/201512L00190
/eli/ft/201512L00184
/eli/ft/20151XX00685
/eli/retsinfo/2015/11532
/eli/ft/201512L00173
/eli/ft/20151BB00181
/eli/ft/20151BB00150
/eli/ft/201512L00159
/eli/ft/201512L00156
/eli/ft/201514L00554
/eli/ft/201512L00148
/eli/ft/201512L00147
/eli/ft/201512L00146
/eli/ft/201512L00144
/eli/ft/201512L00123
/eli/ft/20151BB00070
/eli/ft/20151BB00066
/eli/fob/2015/63
/eli/fob/2015/61
/eli/lta/2015/1904
/eli/lta/2015/1903
/eli/lta/2015/1888
/eli/lta/2015/1866
/eli/lta/2015/1852
/eli/lta/2015/1851
/eli/lta/2015/1849
/eli/lta/2015/1834
/eli/lta/2015/1825
/eli/lta/2015/1799
/eli/lta/2015/1795
/eli/lta/2015/1785
/eli/lta/2015/1759
/eli/lta/2015/1736
/eli/lta/2015/1734
/eli/lta/2015/1732
/eli/ft/201513LA0056
/eli/lta/2015/1690
/eli/lta/2015/1689
/eli/fob/2015/60
/eli/retsinfo/2015/11285
/eli/retsinfo/2015/11281
/eli/retsinfo/2015/11280
/eli/retsinfo/2015/11279
/eli/retsinfo/2015/11277
/eli/retsinfo/2015/11275
/eli/lta/2015/1660
/eli/retsinfo/2015/11268
/eli/lta/2015/1639
/eli/lta/2015/1637
/eli/lta/2015/1614
/eli/lta/2015/1611
/eli/ft/201512L00095
/eli/ft/201512L00091
/eli/retsinfo/2015/11248
/eli/lta/2015/1601
/eli/lta/2015/1589
/eli/lta/2015/1543
/eli/fob/2015/58
/eli/retsinfo/2015/11244
/eli/retsinfo/2015/11236
/eli/lta/2015/1506
/eli/ft/201515L00290
/eli/lta/2015/1491
/eli/retsinfo/2015/11218
/eli/retsinfo/2015/11217
/eli/retsinfo/2015/11216
/eli/retsinfo/2015/11215
/eli/retsinfo/2015/11214
/eli/retsinfo/2015/11213
/eli/retsinfo/2015/11212
/eli/retsinfo/2015/11211
/eli/retsinfo/2015/11210
/eli/retsinfo/2015/11178
/eli/retsinfo/2015/11177
/eli/retsinfo/2015/11175
/eli/retsinfo/2015/11173
/eli/retsinfo/2015/11172
/eli/lta/2015/1465
/eli/lta/2015/1458
/eli/lta/2015/1456
/eli/fob/2015/57
/eli/ft/201513L00020
/eli/lta/2015/1441
/eli/lta/2015/1434
/eli/lta/2015/1418
/eli/lta/2015/1414
/eli/lta/2015/1411
/eli/ft/201512L00073
/eli/lta/2015/1391
/eli/retsinfo/2015/11124
/eli/retsinfo/2015/11122
/eli/lta/2015/1369
/eli/retsinfo/2015/11116
/eli/lta/2015/1362
/eli/lta/2015/1353
/eli/retsinfo/2015/11089
/eli/lta/2015/1341
/eli/lta/2015/1336
/eli/lta/2015/1329
/eli/retsinfo/2015/11085
/eli/lta/2015/1311
/eli/lta/2015/1310
/eli/lta/2015/1306
/eli/lta/2015/1304
/eli/retsinfo/2015/11082
/eli/retsinfo/2015/11081
/eli/retsinfo/2015/11080
/eli/retsinfo/2015/11079
/eli/retsinfo/2015/11078
/eli/retsinfo/2015/11077
/eli/retsinfo/2015/11076
/eli/lta/2015/1296
/eli/lta/2015/1294
/eli/lta/2015/1281
/eli/retsinfo/2015/11044
/eli/ft/20151BB00038
/eli/retsinfo/2015/11033
/eli/retsinfo/2015/11021
/eli/retsinfo/2015/11020
/eli/retsinfo/2015/11019
/eli/retsinfo/2015/11018
/eli/retsinfo/2015/11017
/eli/retsinfo/2015/11016
/eli/lta/2015/1246
/eli/ft/201512L00058
/eli/lta/2015/1226
/eli/retsinfo/2015/10947
/eli/retsinfo/2015/10940
/eli/retsinfo/2015/10939
/eli/lta/2015/1223
/eli/lta/2015/1217
/eli/ft/201512L00037
/eli/ft/20151XX00068
/eli/ft/201512L00032
/eli/retsinfo/2015/10930
/eli/lta/2015/1209
/eli/fob/2015/50
/eli/lta/2015/1192
/eli/retsinfo/2015/10901
/eli/retsinfo/2015/10885
/eli/retsinfo/2015/10883
/eli/retsinfo/2015/10882
/eli/lta/2015/1185
/eli/retsinfo/2015/10868
/eli/retsinfo/2015/10867
/eli/ft/201512L00003
/eli/ft/201512L00002
/eli/retsinfo/2015/10847
/eli/ft/201512L00020
/eli/ft/201512L00019
/eli/ft/201512L00016
/eli/ft/20151XX00026
/eli/ft/20151XX00030
/eli/retsinfo/2015/10620
/eli/retsinfo/2015/10615
/eli/retsinfo/2015/10613
/eli/retsinfo/2015/10612
/eli/retsinfo/2015/10587
/eli/retsinfo/2015/10585
/eli/retsinfo/2015/10576
/eli/retsinfo/2015/10573
/eli/retsinfo/2015/10572
/eli/retsinfo/2015/10571
/eli/retsinfo/2015/10570
/eli/retsinfo/2015/10569
/eli/retsinfo/2015/10568
/eli/retsinfo/2015/10567
/eli/retsinfo/2015/10566
/eli/retsinfo/2015/10564
/eli/retsinfo/2015/10563
/eli/retsinfo/2015/10560
/eli/retsinfo/2015/10559
/eli/retsinfo/2015/10557
/eli/retsinfo/2015/10530
/eli/retsinfo/2015/10528
/eli/lta/2015/1088
/eli/retsinfo/2015/10514
/eli/lta/2015/1084
/eli/lta/2015/1081
/eli/lta/2015/1080
/eli/retsinfo/2015/10507
/eli/retsinfo/2015/10506
/eli/retsinfo/2015/10505
/eli/retsinfo/2015/10504
/eli/retsinfo/2015/10502
/eli/lta/2015/1071
/eli/lta/2015/1070
/eli/retsinfo/2015/10456
/eli/lta/2015/1051
/eli/retsinfo/2015/10443
/eli/retsinfo/2015/10407
/eli/lta/2015/1039
/eli/lta/2015/1024
/eli/retsinfo/2015/10344
/eli/retsinfo/2015/10338
/eli/retsinfo/2015/10314
/eli/retsinfo/2015/10313
/eli/lta/2015/983
/eli/lta/2015/978
/eli/ltc/2015/8
/eli/retsinfo/2015/10228
/eli/retsinfo/2015/10200
/eli/fob/2015/41
/eli/lta/2015/946
/eli/retsinfo/2015/10146
/eli/retsinfo/2015/10009
/eli/lta/2015/939
/eli/retsinfo/2015/9977
/eli/retsinfo/2015/9974
/eli/retsinfo/2015/9973
/eli/retsinfo/2015/9972
/eli/lta/2015/937
/eli/retsinfo/2015/9965
/eli/lta/2015/931
/eli/lta/2015/929
/eli/retsinfo/2015/9950
/eli/retsinfo/2015/9930
/eli/fob/2015/39
/eli/lta/2015/879
/eli/lta/2015/877
/eli/retsinfo/2015/9755
/eli/lta/2015/841
/eli/fob/2015/33
/eli/retsinfo/2015/9742
/eli/retsinfo/2015/9741
/eli/retsinfo/2015/9739
/eli/retsinfo/2015/9738
/eli/retsinfo/2015/9734
/eli/retsinfo/2015/9733
/eli/retsinfo/2015/9732
/eli/lta/2015/833
/eli/fob/2015/32
/eli/retsinfo/2015/9722
/eli/retsinfo/2015/9718
/eli/retsinfo/2015/9692
/eli/retsinfo/2015/9691
/eli/fob/2015/17
/eli/retsinfo/2015/9386
/eli/retsinfo/2015/9383
/eli/retsinfo/2015/9379
/eli/fob/2015/27
/eli/fob/2015/26
/eli/fob/2015/24
/eli/lta/2015/774
/eli/fob/2015/25
/eli/retsinfo/2015/9356
/eli/lta/2015/763
/eli/lta/2015/761
/eli/lta/2015/759
/eli/lta/2015/758
/eli/lta/2015/757
/eli/lta/2015/754
/eli/fob/2015/8
/eli/retsinfo/2015/9351
/eli/lta/2015/741
/eli/fob/2015/22
/eli/lta/2015/722
/eli/lta/2015/715
/eli/lta/2015/669
/eli/lta/2015/654
/eli/retsinfo/2015/9316
/eli/retsinfo/2015/9300
/eli/retsinfo/2015/9294
/eli/lta/2015/609
/eli/fob/2015/2
/eli/lta/2015/577
/eli/lta/2015/532
/eli/fob/2015/16
/eli/lta/2015/503
/eli/fob/2015/11
/eli/lta/2015/497
/eli/lta/2015/496
/eli/lta/2015/494
/eli/lta/2015/493
/eli/lta/2015/489
/eli/lta/2015/476
/eli/retsinfo/2015/9237
/eli/lta/2015/443
/eli/lta/2015/379
/eli/lta/2015/368
/eli/fob/2015/13
/eli/lta/2015/352
/eli/lta/2015/351
/eli/lta/2015/350
/eli/lta/2015/334
/eli/retsinfo/2015/9171
/eli/retsinfo/2015/9170
/eli/retsinfo/2015/9169
/eli/retsinfo/2015/9168
/eli/retsinfo/2015/9167
/eli/retsinfo/2015/9166
/eli/retsinfo/2015/9165
/eli/retsinfo/2015/9164
/eli/retsinfo/2015/9074
/eli/lta/2015/308
/eli/fob/2015/10
/eli/lta/2015/265
/eli/lta/2015/251
/eli/lta/2015/250
/eli/lta/2015/249
/eli/fob/2015/4
/eli/retsinfo/2015/9116
/eli/retsinfo/2015/9115
/eli/retsinfo/2015/9114
/eli/retsinfo/2015/9113
/eli/retsinfo/2015/9109
/eli/lta/2015/202
/eli/lta/2015/201
/eli/lta/2015/185
/eli/lta/2015/183
/eli/lta/2015/182
/eli/lta/2015/170
/eli/lta/2015/164
/eli/lta/2015/162
/eli/retsinfo/2015/9078
/eli/retsinfo/2015/9077
/eli/retsinfo/2015/9076
/eli/lta/2015/142
/eli/retsinfo/2015/9070
/eli/retsinfo/2015/9069
/eli/lta/2015/127
/eli/retsinfo/2015/9038
/eli/retsinfo/2015/9026
/eli/lta/2015/15
/eli/retsinfo/2015/9023
/eli/retsinfo/2015/9021
/eli/retsinfo/2015/9020
/eli/retsinfo/2015/9019
/eli/retsinfo/2015/9018
/eli/retsinfo/2015/9015
/eli/retsinfo/2015/9014
/eli/retsinfo/2015/9012
/eli/retsinfo/2015/9011
/eli/retsinfo/2015/9005
/eli/retsinfo/2015/9004
/eli/retsinfo/2016/10553
/eli/retsinfo/2016/10552
/eli/retsinfo/2016/10507
/eli/ft/201612L00218
/eli/ft/201612L00217
/eli/ft/20161SS00006
/eli/ft/201613L00189
/eli/ft/201614L01051
/eli/ft/201614L01049
/eli/ft/20161CB00150
/eli/ft/20161DB00902
/eli/ft/20161DB00880
/eli/ft/201612L00209
/eli/ft/201612L00208
/eli/ft/201613L00138
/eli/ft/201612L00202
/eli/ft/201614L00734
/eli/ft/201612L00189
/eli/ft/20161XX00722
/eli/ft/20161BB00150
/eli/fob/2016/58
/eli/ft/201612L00185
/eli/ft/20161BB00109
/eli/ft/201612L00183
/eli/ft/20161XX00676
/eli/ft/20161BB00101
/eli/ft/201613L00007
/eli/ft/201612L00156
/eli/ft/201612L00155
/eli/ft/20161BB00085
/eli/ft/20161BB00077
/eli/retsinfo/2016/10468
/eli/ft/20161XX00548
/eli/ft/201612L00138
/eli/ft/20161XX00542
/eli/ft/201612L00132
/eli/ft/201612L00131
/eli/ft/201612L00126
/eli/retsinfo/2016/10429
/eli/fob/2016/54
/eli/ft/20161BB00060
/eli/ft/201612L00114
/eli/retsinfo/2016/10378
/eli/retsinfo/2016/10376
/eli/retsinfo/2016/10375
/eli/lta/2016/1712
/eli/lta/2016/1707
/eli/lta/2016/1705
/eli/lta/2016/1699
/eli/lta/2016/1693
/eli/retsinfo/2016/10341
/eli/retsinfo/2016/10329
/eli/lta/2016/1672
/eli/retsinfo/2016/10298
/eli/retsinfo/2016/10296
/eli/lta/2016/1640
/eli/lta/2016/1639
/eli/ft/201613L00091
/eli/retsinfo/2016/10283
/eli/retsinfo/2016/10282
/eli/retsinfo/2016/10280
/eli/lta/2016/1595
/eli/lta/2016/1591
/eli/fob/2016/48
/eli/ft/201614L00385
/eli/ft/201614L00389
/eli/lta/2016/1570
/eli/lta/2016/1567
/eli/lta/2016/1549
/eli/lta/2016/1533
/eli/lta/2016/1520
/eli/lta/2016/1519
/eli/ft/201615L00317
/eli/lta/2016/1512
/eli/retsinfo/2016/10249
/eli/retsinfo/2016/10248
/eli/fob/2016/45
/eli/lta/2016/1487
/eli/lta/2016/1483
/eli/lta/2016/1465
/eli/lta/2016/1463
/eli/lta/2016/1444
/eli/retsinfo/2016/10216
/eli/retsinfo/2016/10215
/eli/retsinfo/2016/10214
/eli/retsinfo/2016/10213
/eli/retsinfo/2016/10212
/eli/lta/2016/1432
/eli/ft/201613L00039
/eli/lta/2016/1418
/eli/retsinfo/2016/10195
/eli/retsinfo/2016/10193
/eli/lta/2016/1396
/eli/lta/2016/1382
/eli/lta/2016/1381
/eli/lta/2016/1380
/eli/retsinfo/2016/10187
/eli/lta/2016/1372
/eli/lta/2016/1371
/eli/lta/2016/1370
/eli/lta/2016/1368
/eli/lta/2016/1365
/eli/ft/201614L00237
/eli/retsinfo/2016/10152
/eli/lta/2016/1331
/eli/lta/2016/1326
/eli/retsinfo/2016/10139
/eli/retsinfo/2016/10138
/eli/ft/201612L00076
/eli/retsinfo/2016/10132
/eli/ft/201612L00065
/eli/ft/201612L00059
/eli/retsinfo/2016/10120
/eli/retsinfo/2016/10101
/eli/retsinfo/2016/10075
/eli/lta/2016/1284
/eli/retsinfo/2016/10063
/eli/lta/2016/1263
/eli/lta/2016/1261
/eli/ft/201612L00047
/eli/retsinfo/2016/10052
/eli/retsinfo/2016/10048
/eli/retsinfo/2016/10047
/eli/retsinfo/2016/10046
/eli/retsinfo/2016/10045
/eli/retsinfo/2016/10044
/eli/retsinfo/2016/10040
/eli/retsinfo/2016/10033
/eli/fob/2016/39
/eli/lta/2016/1244
/eli/retsinfo/2016/10013
/eli/ft/201612L00039
/eli/ft/20161XX00086
/eli/ft/201612L00040
/eli/lta/2016/1237
/eli/lta/2016/1236
/eli/lta/2016/1233
/eli/retsinfo/2016/9993
/eli/ft/201612L00038
/eli/ft/201612L00032
/eli/retsinfo/2016/9988
/eli/retsinfo/2016/9986
/eli/ft/201612L00015
/eli/ft/20161XX00030
/eli/ft/201612L00007
/eli/retsinfo/2016/9983
/eli/fob/2016/37
/eli/lta/2016/1194
/eli/retsinfo/2016/9972
/eli/lta/2016/1181
/eli/lta/2016/1179
/eli/retsinfo/2016/9955
/eli/retsinfo/2016/9944
/eli/retsinfo/2016/9943
/eli/retsinfo/2016/9942
/eli/retsinfo/2016/9941
/eli/retsinfo/2016/9940
/eli/retsinfo/2016/9939
/eli/retsinfo/2016/9938
/eli/retsinfo/2016/9937
/eli/retsinfo/2016/9936
/eli/retsinfo/2016/9933
/eli/lta/2016/1165
/eli/lta/2016/1162
/eli/fob/2016/33
/eli/fob/2016/31
/eli/retsinfo/2016/9873
/eli/retsinfo/2016/9870
/eli/retsinfo/2016/9869
/eli/retsinfo/2016/9868
/eli/retsinfo/2016/9867
/eli/retsinfo/2016/9866
/eli/retsinfo/2016/9865
/eli/retsinfo/2016/9856
/eli/lta/2016/1138
/eli/lta/2016/1119
/eli/retsinfo/2016/9827
/eli/retsinfo/2016/9826
/eli/retsinfo/2016/9825
/eli/retsinfo/2016/9824
/eli/retsinfo/2016/9823
/eli/retsinfo/2016/9822
/eli/retsinfo/2016/9792
/eli/lta/2016/1095
/eli/retsinfo/2016/9780
/eli/retsinfo/2016/9779
/eli/retsinfo/2016/9776
/eli/retsinfo/2016/9775
/eli/retsinfo/2016/9756
/eli/retsinfo/2016/9737
/eli/retsinfo/2016/9736
/eli/retsinfo/2016/9735
/eli/retsinfo/2016/9733
/eli/retsinfo/2016/9727
/eli/retsinfo/2016/9726
/eli/retsinfo/2016/9725
/eli/retsinfo/2016/9724
/eli/retsinfo/2016/9723
/eli/retsinfo/2016/9722
/eli/retsinfo/2016/9720
/eli/fob/2016/27
/eli/retsinfo/2016/9712
/eli/lta/2016/1060
/eli/retsinfo/2016/9702
/eli/retsinfo/2016/9701
/eli/lta/2016/1059
/eli/retsinfo/2016/9698
/eli/retsinfo/2016/9697
/eli/lta/2016/1055
/eli/retsinfo/2016/9690
/eli/lta/2016/1028
/eli/retsinfo/2016/9677
/eli/retsinfo/2016/9676
/eli/retsinfo/2016/9674
/eli/retsinfo/2016/9673
/eli/retsinfo/2016/9672
/eli/retsinfo/2016/9671
/eli/retsinfo/2016/9670
/eli/retsinfo/2016/9668
/eli/lta/2016/1006
/eli/lta/2016/1001
/eli/lta/2016/952
/eli/lta/2016/951
/eli/lta/2016/949
/eli/lta/2016/945
/eli/lta/2016/923
/eli/lta/2016/918
/eli/lta/2016/917
/eli/lta/2016/914
/eli/lta/2016/913
/eli/lta/2016/911
/eli/retsinfo/2016/9653
/eli/lta/2016/875
/eli/lta/2016/840
/eli/lta/2016/837
/eli/lta/2016/835
/eli/lta/2016/802
/eli/fob/2016/26
/eli/lta/2016/792
/eli/lta/2016/766
/eli/lta/2016/765
/eli/lta/2016/764
/eli/retsinfo/2016/9581
/eli/lta/2016/736
/eli/retsinfo/2016/9523
/eli/lta/2016/686
/eli/lta/2016/646
/eli/lta/2016/637
/eli/lta/2016/630
/eli/lta/2016/614
/eli/retsinfo/2016/9502
/eli/retsinfo/2016/9488
/eli/lta/2016/600
/eli/fob/2016/21
/eli/lta/2016/576
/eli/fob/2016/19
/eli/retsinfo/2016/9478
/eli/lta/2016/539
/eli/lta/2016/537
/eli/lta/2016/528
/eli/lta/2016/526
/eli/lta/2016/525
/eli/lta/2016/519
/eli/lta/2016/518
/eli/lta/2016/513
/eli/fob/2016/20
/eli/retsinfo/2016/9466
/eli/lta/2016/496
/eli/retsinfo/2016/9465
/eli/retsinfo/2016/9460
/eli/retsinfo/2016/9459
/eli/retsinfo/2016/9458
/eli/retsinfo/2016/9457
/eli/retsinfo/2016/9456
/eli/retsinfo/2016/9455
/eli/retsinfo/2016/9454
/eli/lta/2016/479
/eli/lta/2016/478
/eli/lta/2016/472
/eli/lta/2016/469
/eli/lta/2016/463
/eli/lta/2016/454
/eli/lta/2016/447
/eli/lta/2016/440
/eli/lta/2016/439
/eli/lta/2016/438
/eli/lta/2016/421
/eli/lta/2016/418
/eli/retsinfo/2016/9417
/eli/lta/2016/417
/eli/retsinfo/2016/9406
/eli/lta/2016/415
/eli/retsinfo/2016/9379
/eli/lta/2016/372
/eli/retsinfo/2016/9340
/eli/retsinfo/2016/9337
/eli/retsinfo/2016/9325
/eli/retsinfo/2016/9320
/eli/lta/2016/339
/eli/lta/2016/338
/eli/fob/2016/10
/eli/retsinfo/2016/9299
/eli/retsinfo/2016/9298
/eli/retsinfo/2016/9297
/eli/retsinfo/2016/9296
/eli/retsinfo/2016/9295
/eli/retsinfo/2016/9294
/eli/lta/2016/326
/eli/retsinfo/2016/9278
/eli/fob/2016/7
/eli/retsinfo/2016/9263
/eli/retsinfo/2016/9262
/eli/retsinfo/2016/9259
/eli/retsinfo/2016/9245
/eli/retsinfo/2016/9244
/eli/retsinfo/2016/9243
/eli/retsinfo/2016/9242
/eli/lta/2016/313
/eli/lta/2016/312
/eli/retsinfo/2016/9227
/eli/lta/2016/280
/eli/lta/2016/254
/eli/lta/2016/253
/eli/lta/2016/250
/eli/lta/2016/246
/eli/lta/2016/223
/eli/lta/2016/220
/eli/retsinfo/2016/9183
/eli/retsinfo/2016/9165
/eli/lta/2016/215
/eli/lta/2016/213
/eli/fob/2016/3
/eli/retsinfo/2016/9161
/eli/retsinfo/2016/9111
/eli/lta/2016/149
/eli/retsinfo/2016/9108
/eli/retsinfo/2016/9096
/eli/fob/2016/2
/eli/retsinfo/2016/9070
/eli/lta/2016/100
/eli/retsinfo/2016/9048
/eli/retsinfo/2016/9047
/eli/retsinfo/2016/9037
/eli/lta/2016/46
/eli/lta/2016/39
/eli/lta/2016/38
/eli/lta/2016/29
/eli/retsinfo/2016/9007
/eli/lta/2016/27
/eli/lta/2016/12
/eli/lta/2016/1
/eli/ft/201712L00243
/eli/ft/201712L00242
/eli/retsinfo/2017/10586
/eli/ft/201713L00222
/eli/ft/201713L00198
/eli/ft/201713L00160
/eli/ft/201714L01055
/eli/ft/201712L00226
/eli/ft/201712L00222
/eli/ft/201712L00218
/eli/ft/201712L00215
/eli/ft/201712L00213
/eli/ft/201712L00205
/eli/ft/201712L00198
/eli/ft/201712L00193
/eli/ft/20171BB00104
/eli/retsinfo/2017/10481
/eli/retsinfo/2017/10467
/eli/ft/201712L00184
/eli/ft/201712L00180
/eli/ft/201712L00179
/eli/ft/201712L00161
/eli/ft/201712L00160
/eli/retsinfo/2017/10450
/eli/ft/201712L00143
/eli/ft/201712L00138
/eli/retsinfo/2017/10396
/eli/retsinfo/2017/10388
/eli/retsinfo/2017/10385
/eli/retsinfo/2017/10371
/eli/retsinfo/2017/10364
/eli/retsinfo/2017/10363
/eli/ft/201712L00125
/eli/lta/2017/1762
/eli/lta/2017/1723
/eli/lta/2017/1722
/eli/lta/2017/1686
/eli/lta/2017/1676
/eli/lta/2017/1663
/eli/lta/2017/1658
/eli/retsinfo/2017/10311
/eli/retsinfo/2017/10283
/eli/lta/2017/1633
/eli/lta/2017/1632
/eli/lta/2017/1627
/eli/lta/2017/1625
/eli/ft/201713L00041
/eli/retsinfo/2017/10261
/eli/retsinfo/2017/10259
/eli/retsinfo/2017/10252
/eli/retsinfo/2017/10236
/eli/ft/201713L00109
/eli/lta/2017/1527
/eli/ft/201718L00456
/eli/lta/2017/1500
/eli/lta/2017/1492
/eli/ft/201714T00452
/eli/ft/201715L00446
/eli/retsinfo/2017/10215
/eli/lta/2017/1478
/eli/lta/2017/1477
/eli/lta/2017/1476
/eli/lta/2017/1474
/eli/lta/2017/1473
/eli/lta/2017/1472
/eli/lta/2017/1471
/eli/lta/2017/1468
/eli/lta/2017/1466
/eli/ft/201712L00118
/eli/ft/201714L00430
/eli/lta/2017/1452
/eli/lta/2017/1438
/eli/ft/201714L00392
/eli/ft/20171XX00350
/eli/ft/20171BB00049
/eli/lta/2017/1403
/eli/lta/2017/1362
/eli/lta/2017/1353
/eli/retsinfo/2017/10170
/eli/lta/2017/1336
/eli/lta/2017/1330
/eli/lta/2017/1327
/eli/lta/2017/1326
/eli/lta/2017/1323
/eli/lta/2017/1322
/eli/lta/2017/1320
/eli/lta/2017/1317
/eli/lta/2017/1314
/eli/lta/2017/1313
/eli/lta/2017/1311
/eli/lta/2017/1297
/eli/lta/2017/1287
/eli/ft/201712L00114
/eli/lta/2017/1282
/eli/lta/2017/1278
/eli/lta/2017/1271
/eli/ft/20171BB00041
/eli/lta/2017/1260
/eli/lta/2017/1256
/eli/retsinfo/2017/10149
/eli/ft/20171XX00236
/eli/ft/201712L00109
/eli/retsinfo/2017/10101
/eli/retsinfo/2017/10075
/eli/retsinfo/2017/10074
/eli/retsinfo/2017/10057
/eli/retsinfo/2017/10056
/eli/retsinfo/2017/10055
/eli/retsinfo/2017/10054
/eli/retsinfo/2017/10053
/eli/fob/2017/30
/eli/retsinfo/2017/10046
/eli/retsinfo/2017/10043
/eli/retsinfo/2017/10041
/eli/retsinfo/2017/10034
/eli/fob/2017/29
/eli/retsinfo/2017/10005
/eli/lta/2017/1147
/eli/lta/2017/1146
/eli/ft/201712L00069
/eli/retsinfo/2017/9991
/eli/retsinfo/2017/9990
/eli/retsinfo/2017/9989
/eli/retsinfo/2017/9988
/eli/retsinfo/2017/9987
/eli/retsinfo/2017/9986
/eli/lta/2017/1140
/eli/retsinfo/2017/9981
/eli/lta/2017/1121
/eli/lta/2017/1120
/eli/lta/2017/1119
/eli/ft/201712L00058
/eli/ft/201712L00041
/eli/ft/20171XX00096
/eli/ft/201712L00030
/eli/ft/20171XX00046
/eli/ft/20171XX00042
/eli/ft/201712L00013
/eli/ft/201712L00003
/eli/ft/201712L00002
/eli/retsinfo/2017/9946
/eli/lta/2017/1110
/eli/retsinfo/2017/9941
/eli/retsinfo/2017/9940
/eli/lta/2017/1101
/eli/retsinfo/2017/9937
/eli/fob/2017/24
/eli/retsinfo/2017/9897
/eli/retsinfo/2017/9896
/eli/retsinfo/2017/9890
/eli/retsinfo/2017/9889
/eli/retsinfo/2017/9888
/eli/retsinfo/2017/9887
/eli/retsinfo/2017/9886
/eli/retsinfo/2017/9885
/eli/retsinfo/2017/9884
/eli/retsinfo/2017/9867
/eli/lta/2017/1065
/eli/retsinfo/2017/9850
/eli/retsinfo/2017/9832
/eli/retsinfo/2017/9831
/eli/retsinfo/2017/9830
/eli/retsinfo/2017/9829
/eli/retsinfo/2017/9828
/eli/retsinfo/2017/9827
/eli/retsinfo/2017/9826
/eli/retsinfo/2017/9825
/eli/retsinfo/2017/9823
/eli/lta/2017/992
/eli/retsinfo/2017/9807
/eli/retsinfo/2017/9797
/eli/retsinfo/2017/9766
/eli/retsinfo/2017/9758
/eli/retsinfo/2017/9757
/eli/retsinfo/2017/9753
/eli/ltc/2017/13
/eli/retsinfo/2017/9713
/eli/retsinfo/2017/9697
/eli/retsinfo/2017/9696
/eli/retsinfo/2017/9695
/eli/retsinfo/2017/9693
/eli/lta/2017/968
/eli/retsinfo/2017/9689
/eli/lta/2017/963
/eli/lta/2017/959
/eli/retsinfo/2017/9655
/eli/lta/2017/952
/eli/retsinfo/2017/9624
/eli/retsinfo/2017/9590
/eli/lta/2017/887
/eli/lta/2017/886
/eli/lta/2017/872
/eli/lta/2017/871
/eli/lta/2017/870
/eli/lta/2017/869
/eli/lta/2017/868
/eli/lta/2017/867
/eli/lta/2017/866
/eli/lta/2017/843
/eli/lta/2017/828
/eli/retsinfo/2017/9571
/eli/retsinfo/2017/9570
/eli/retsinfo/2017/9569
/eli/retsinfo/2017/9568
/eli/retsinfo/2017/9567
/eli/retsinfo/2017/9566
/eli/retsinfo/2017/9565
/eli/lta/2017/815
/eli/retsinfo/2017/9564
/eli/retsinfo/2017/9562
/eli/lta/2017/806
/eli/fob/2017/14
/eli/retsinfo/2017/9557
/eli/lta/2017/780
/eli/lta/2017/775
/eli/lta/2017/752
/eli/lta/2017/657
/eli/retsinfo/2017/9520
/eli/retsinfo/2017/9511
/eli/retsinfo/2017/9489
/eli/retsinfo/2017/9481
/eli/lta/2017/611
/eli/lta/2017/604
/eli/lta/2017/591
/eli/retsinfo/2017/9476
/eli/lta/2017/571
/eli/fob/2017/12
/eli/lta/2017/543
/eli/lta/2017/542
/eli/lta/2017/540
/eli/lta/2017/539
/eli/lta/2017/538
/eli/lta/2017/531
/eli/lta/2017/516
/eli/lta/2017/514
/eli/retsinfo/2017/9455
/eli/lta/2017/469
/eli/lta/2017/445
/eli/lta/2017/443
/eli/lta/2017/441
/eli/lta/2017/439
/eli/lta/2017/435
/eli/retsinfo/2017/9435
/eli/retsinfo/2017/9432
/eli/fob/2017/5
/eli/retsinfo/2017/9428
/eli/retsinfo/2017/9427
/eli/retsinfo/2017/9426
/eli/retsinfo/2017/9425
/eli/retsinfo/2017/9424
/eli/retsinfo/2017/9380
/eli/retsinfo/2017/9379
/eli/retsinfo/2017/9374
/eli/retsinfo/2017/9366
/eli/retsinfo/2017/9365
/eli/retsinfo/2017/9364
/eli/retsinfo/2017/9363
/eli/retsinfo/2017/9362
/eli/retsinfo/2017/9360
/eli/lta/2017/370
/eli/lta/2017/358
/eli/lta/2017/354
/eli/lta/2017/352
/eli/lta/2017/351
/eli/lta/2017/336
/eli/retsinfo/2017/9327
/eli/retsinfo/2017/9326
/eli/retsinfo/2017/9321
/eli/lta/2017/309
/eli/lta/2017/308
/eli/lta/2017/300
/eli/ltc/2017/4
/eli/retsinfo/2017/9306
/eli/lta/2017/275
/eli/retsinfo/2017/9299
/eli/retsinfo/2017/9296
/eli/retsinfo/2017/9295
/eli/lta/2017/253
/eli/retsinfo/2017/9262
/eli/retsinfo/2017/9238
/eli/retsinfo/2017/9237
/eli/retsinfo/2017/9236
/eli/retsinfo/2017/9235
/eli/retsinfo/2017/9223
/eli/lta/2017/231
/eli/retsinfo/2017/9217
/eli/retsinfo/2017/9207
/eli/retsinfo/2017/9204
/eli/lta/2017/209
/eli/retsinfo/2017/9182
/eli/retsinfo/2017/9146
/eli/retsinfo/2017/9119
/eli/lta/2017/174
/eli/retsinfo/2017/9099
/eli/retsinfo/2017/9096
/eli/retsinfo/2017/9095
/eli/retsinfo/2017/9094
/eli/fob/2017/2
/eli/retsinfo/2017/9086
/eli/lta/2017/161
/eli/lta/2017/159
/eli/retsinfo/2017/9072
/eli/retsinfo/2017/9071
/eli/retsinfo/2017/9070
/eli/retsinfo/2017/9069
/eli/retsinfo/2017/9068
/eli/retsinfo/2017/9067
/eli/retsinfo/2017/9065
/eli/lta/2017/144
/eli/lta/2017/138
/eli/retsinfo/2017/9055
/eli/retsinfo/2017/9054
/eli/retsinfo/2017/9044
/eli/retsinfo/2017/9043
/eli/retsinfo/2017/9019
/eli/retsinfo/2017/9012
/eli/retsinfo/2017/9011
/eli/retsinfo/2017/9010
/eli/retsinfo/2017/9009
/eli/retsinfo/2017/9008
/eli/retsinfo/2017/9007
/eli/retsinfo/2017/9006
/eli/retsinfo/2017/9005
/eli/retsinfo/2018/10240
/eli/ft/201822L00003
/eli/ft/20182BB00002
/eli/ft/20181SS00013
/eli/ft/201812L00227
/eli/ft/201812L00225
/eli/ft/201812L00220
/eli/ft/201812L00210
/eli/ft/201812L00209
/eli/ft/201813L00169
/eli/ft/201813L00168
/eli/ft/20181EB00858
/eli/ft/201812L00192
/eli/ft/201812L00189
/eli/ft/201812L00169
/eli/ft/201812L00168
/eli/retsinfo/2018/10169
/eli/retsinfo/2018/10167
/eli/retsinfo/2018/10159
/eli/retsinfo/2018/10155
/eli/ft/20181XX00588
/eli/retsinfo/2018/10140
/eli/ft/201813L00132
/eli/fob/2018/39
/eli/ft/201814L00564
/eli/retsinfo/2018/10117
/eli/lta/2018/1796
/eli/lta/2018/1760
/eli/lta/2018/1759
/eli/lta/2018/1687
/eli/lta/2018/1686
/eli/lta/2018/1680
/eli/lta/2018/1647
/eli/lta/2018/1646
/eli/ft/20181XX00540
/eli/retsinfo/2018/10080
/eli/lta/2018/1596
/eli/ft/20181XX00526
/eli/ft/201812L00132
/eli/retsinfo/2018/10073
/eli/lta/2018/1582
/eli/lta/2018/1531
/eli/lta/2018/1520
/eli/lta/2018/1498
/eli/ft/201815L00460
/eli/ft/20181BB00069
/eli/retsinfo/2018/10049
/eli/lta/2018/1467
/eli/ft/201813LA0047
/eli/retsinfo/2018/10041
/eli/retsinfo/2018/10040
/eli/retsinfo/2018/10039
/eli/retsinfo/2018/10038
/eli/lta/2018/1440
/eli/lta/2018/1437
/eli/lta/2018/1426
/eli/lta/2018/1424
/eli/lta/2018/1421
/eli/ft/20181XX00350
/eli/ft/20181BB00056
/eli/ft/201814L00352
/eli/lta/2018/1394
/eli/lta/2018/1393
/eli/lta/2018/1388
/eli/lta/2018/1355
/eli/lta/2018/1353
/eli/lta/2018/1352
/eli/retsinfo/2018/10019
/eli/retsinfo/2018/10015
/eli/retsinfo/2018/10013
/eli/retsinfo/2018/10012
/eli/retsinfo/2018/10005
/eli/lta/2018/1337
/eli/lta/2018/1335
/eli/ft/201813L00023
/eli/fob/2018/28
/eli/fob/2018/27
/eli/lta/2018/1311
/eli/retsinfo/2018/9953
/eli/lta/2018/1307
/eli/lta/2018/1289
/eli/lta/2018/1287
/eli/lta/2018/1284
/eli/lta/2018/1282
/eli/ft/20181BB00042
/eli/ft/201814L00254
/eli/ft/201812L00103
/eli/ft/201812L00102
/eli/ft/20181XX00222
/eli/ft/201812L00099
/eli/ft/20181BB00037
/eli/retsinfo/2018/9932
/eli/ltc/2018/16
/eli/ft/20181SS00002
/eli/retsinfo/2018/9912
/eli/retsinfo/2018/9911
/eli/retsinfo/2018/9910
/eli/ft/201812L00074
/eli/retsinfo/2018/9877
/eli/lta/2018/1214
/eli/retsinfo/2018/9870
/eli/retsinfo/2018/9864
/eli/fob/2018/26
/eli/lta/2018/1199
/eli/retsinfo/2018/9849
/eli/ft/201812L00050
/eli/ft/201812L00049
/eli/ft/201812L00046
/eli/ft/201812L00036
/eli/ft/201812L00029
/eli/ft/201812L00028
/eli/ft/20181XX00082
/eli/ft/201812L00023
/eli/ft/201812L00003
/eli/ft/201812L00002
/eli/lta/2018/1165
/eli/lta/2018/1160
/eli/retsinfo/2018/9789
/eli/lta/2018/1154
/eli/lta/2018/1149
/eli/retsinfo/2018/9777
/eli/retsinfo/2018/9776
/eli/retsinfo/2018/9775
/eli/retsinfo/2018/9774
/eli/retsinfo/2018/9773
/eli/retsinfo/2018/9772
/eli/retsinfo/2018/9770
/eli/retsinfo/2018/9767
/eli/retsinfo/2018/9745
/eli/retsinfo/2018/9714
/eli/lta/2018/1125
/eli/lta/2018/1123
/eli/retsinfo/2018/9711
/eli/retsinfo/2018/9708
/eli/lta/2018/1075
/eli/lta/2018/1069
/eli/retsinfo/2018/9695
/eli/lta/2018/1068
/eli/retsinfo/2018/9693
/eli/lta/2018/1060
/eli/retsinfo/2018/9674
/eli/retsinfo/2018/9649
/eli/retsinfo/2018/9615
/eli/retsinfo/2018/9614
/eli/retsinfo/2018/9613
/eli/retsinfo/2018/9612
/eli/retsinfo/2018/9611
/eli/retsinfo/2018/9610
/eli/retsinfo/2018/9609
/eli/retsinfo/2018/9603
/eli/retsinfo/2018/9602
/eli/retsinfo/2018/9601
/eli/retsinfo/2018/9600
/eli/retsinfo/2018/9599
/eli/retsinfo/2018/9595
/eli/retsinfo/2018/9590
/eli/retsinfo/2018/9570
/eli/lta/2018/1021
/eli/lta/2018/1019
/eli/retsinfo/2018/9538
/eli/lta/2018/1007
/eli/retsinfo/2018/9532
/eli/lta/2018/1001
/eli/lta/2018/977
/eli/lta/2018/975
/eli/lta/2018/974
/eli/retsinfo/2018/9525
/eli/lta/2018/945
/eli/retsinfo/2018/9507
/eli/retsinfo/2018/9506
/eli/fob/2018/18
/eli/lta/2018/846
/eli/lta/2018/825
/eli/retsinfo/2018/9471
/eli/retsinfo/2018/9464
/eli/retsinfo/2018/9443
/eli/lta/2018/763
/eli/retsinfo/2018/9421
/eli/retsinfo/2018/9418
/eli/retsinfo/2018/9408
/eli/retsinfo/2018/9407
/eli/lta/2018/754
/eli/lta/2018/751
/eli/lta/2018/705
/eli/lta/2018/696
/eli/retsinfo/2018/9401
/eli/retsinfo/2018/9393
/eli/fob/2018/17
/eli/lta/2018/670
/eli/lta/2018/669
/eli/lta/2018/662
/eli/lta/2018/655
/eli/lta/2018/648
/eli/lta/2018/647
/eli/lta/2018/643
/eli/lta/2018/640
/eli/lta/2018/614
/eli/lta/2018/604
/eli/lta/2018/590
/eli/lta/2018/587
/eli/lta/2018/584
/eli/lta/2018/581
/eli/lta/2018/576
/eli/lta/2018/554
/eli/lta/2018/547
/eli/lta/2018/546
/eli/lta/2018/544
/eli/retsinfo/2018/9347
/eli/lta/2018/496
/eli/lta/2018/491
/eli/lta/2018/482
/eli/lta/2018/471
/eli/lta/2018/456
/eli/retsinfo/2018/9322
/eli/retsinfo/2018/9318
/eli/retsinfo/2018/9317
/eli/lta/2018/403
/eli/lta/2018/394
/eli/lta/2018/368
/eli/lta/2018/366
/eli/lta/2018/356
/eli/lta/2018/350
/eli/lta/2018/349
/eli/lta/2018/335
/eli/lta/2018/327
/eli/lta/2018/323
/eli/retsinfo/2018/9234
/eli/retsinfo/2018/9226
/eli/lta/2018/269
/eli/lta/2018/268
/eli/retsinfo/2018/9225
/eli/retsinfo/2018/9224
/eli/retsinfo/2018/9223
/eli/retsinfo/2018/9214
/eli/retsinfo/2018/9213
/eli/retsinfo/2018/9212
/eli/retsinfo/2018/9211
/eli/retsinfo/2018/9206
/eli/retsinfo/2018/9195
/eli/retsinfo/2018/9194
/eli/retsinfo/2018/9193
/eli/retsinfo/2018/9192
/eli/retsinfo/2018/9191
/eli/retsinfo/2018/9190
/eli/retsinfo/2018/9189
/eli/retsinfo/2018/9188
/eli/retsinfo/2018/9187
/eli/retsinfo/2018/9186
/eli/retsinfo/2018/9185
/eli/retsinfo/2018/9184
/eli/retsinfo/2018/9183
/eli/retsinfo/2018/9182
/eli/retsinfo/2018/9181
/eli/retsinfo/2018/9180
/eli/retsinfo/2018/9179
/eli/retsinfo/2018/9178
/eli/retsinfo/2018/9177
/eli/lta/2018/230
/eli/retsinfo/2018/9155
/eli/retsinfo/2018/9154
/eli/retsinfo/2018/9153
/eli/retsinfo/2018/9127
/eli/retsinfo/2018/9117
/eli/retsinfo/2018/9113
/eli/retsinfo/2018/9111
/eli/lta/2018/180
/eli/retsinfo/2018/9107
/eli/lta/2018/162
/eli/lta/2018/157
/eli/lta/2018/151
/eli/lta/2018/148
/eli/retsinfo/2018/9072
/eli/retsinfo/2018/9062
/eli/lta/2018/105
/eli/lta/2018/86
/eli/lta/2018/85
/eli/lta/2018/84
/eli/retsinfo/2018/9041
/eli/retsinfo/2018/9023
/eli/lta/2018/14
/eli/retsinfo/2018/9009
/eli/retsinfo/2018/9001
/eli/ft/201912L00214
/eli/ft/201913L00198
/eli/ft/201914L00872
/eli/ft/20191XX00813
/eli/ft/201912L00198
/eli/ft/201912L00196
/eli/ft/201914L00669
/eli/ft/201912L00156
/eli/ft/20191BB00158
/eli/ft/201912L00133
/eli/retsinfo/2019/10302
/eli/ft/201912L00114
/eli/ft/20191DB00434
/eli/lta/2019/1629
/eli/lta/2019/1626
/eli/lta/2019/1537
/eli/lta/2019/1536
/eli/lta/2019/1535
/eli/retsinfo/2019/10186
/eli/lta/2019/1529
/eli/lta/2019/1522
/eli/lta/2019/1494
/eli/ft/201912L00087
/eli/retsinfo/2019/10170
/eli/lta/2019/1459
/eli/lta/2019/1458
/eli/lta/2019/1455
/eli/ft/201915L00318
/eli/retsinfo/2019/10137
/eli/lta/2019/1369
/eli/lta/2019/1367
/eli/lta/2019/1366
/eli/lta/2019/1365
/eli/lta/2019/1356
/eli/lta/2019/1300
/eli/lta/2019/1273
/eli/retsinfo/2019/10086
/eli/lta/2019/1261
/eli/lta/2019/1257
/eli/lta/2019/1253
/eli/retsinfo/2019/10084
/eli/lta/2019/1244
/eli/lta/2019/1231
/eli/lta/2019/1228
/eli/lta/2019/1227
/eli/ft/201912L00080
/eli/retsinfo/2019/10076
/eli/retsinfo/2019/10062
/eli/retsinfo/2019/10047
/eli/lta/2019/1159
/eli/lta/2019/1157
/eli/lta/2019/1155
/eli/lta/2019/1154
/eli/lta/2019/1151
/eli/lta/2019/1150
/eli/retsinfo/2019/10033
/eli/ft/201912L00067
/eli/ft/201912L00063
/eli/ft/201912L00049
/eli/ft/201912L00046
/eli/ft/201912L00045
/eli/ft/201912L00044
/eli/lta/2019/1101
/eli/lta/2019/1100
/eli/retsinfo/2019/9953
/eli/retsinfo/2019/9949
/eli/retsinfo/2019/9947
/eli/retsinfo/2019/9946
/eli/retsinfo/2019/9941
/eli/retsinfo/2019/9938
/eli/ft/20191BB00019
/eli/lta/2019/1071
/eli/lta/2019/1070
/eli/retsinfo/2019/9923
/eli/retsinfo/2019/9912
/eli/lta/2019/1050
/eli/retsinfo/2019/9886
/eli/retsinfo/2019/9878
/eli/retsinfo/2019/9847
/eli/ft/20191BB00009
/eli/lta/2019/1016
/eli/ft/201912L00033
/eli/ft/20191BB00007
/eli/ft/20191BB00006
/eli/ft/201912L00025
/eli/ft/201912L00023
/eli/ft/201912L00014
/eli/ft/201912L00003
/eli/ft/201912L00002
/eli/lta/2019/1000
/eli/lta/2019/992
/eli/lta/2019/987
/eli/lta/2019/982
/eli/retsinfo/2019/9811
/eli/lta/2019/969
/eli/ltc/2019/18
/eli/retsinfo/2019/9784
/eli/retsinfo/2019/9782
/eli/retsinfo/2019/9780
/eli/lta/2019/938
/eli/retsinfo/2019/9767
/eli/lta/2019/906
/eli/lta/2019/866
/eli/lta/2019/831
/eli/lta/2019/830
/eli/lta/2019/829
/eli/lta/2019/824
/eli/lta/2019/817
/eli/lta/2019/810
/eli/lta/2019/806
/eli/retsinfo/2019/9713
/eli/lta/2019/792
/eli/lta/2019/758
/eli/retsinfo/2019/9661
/eli/lta/2019/734
/eli/lta/2019/732
/eli/retsinfo/2019/9657
/eli/lta/2019/724
/eli/lta/2019/720
/eli/lta/2019/718
/eli/retsinfo/2019/9639
/eli/retsinfo/2019/9638
/eli/retsinfo/2019/9632
/eli/retsinfo/2019/9607
/eli/lta/2019/671
/eli/lta/2019/670
/eli/lta/2019/669
/eli/retsinfo/2019/9592
/eli/lta/2019/644
/eli/retsinfo/2019/9569
/eli/retsinfo/2019/9556
/eli/retsinfo/2019/9552
/eli/retsinfo/2019/9541
/eli/retsinfo/2019/9512
/eli/retsinfo/2019/9511
/eli/fob/2019/18
/eli/retsinfo/2019/9481
/eli/ltc/2019/9
/eli/retsinfo/2019/9419
/eli/lta/2019/599
/eli/lta/2019/595
/eli/retsinfo/2019/9409
/eli/retsinfo/2019/9406
/eli/lta/2019/538
/eli/lta/2019/524
/eli/lta/2019/523
/eli/retsinfo/2019/9378
/eli/lta/2019/483
/eli/lta/2019/477
/eli/lta/2019/476
/eli/lta/2019/457
/eli/lta/2019/437
/eli/lta/2019/436
/eli/retsinfo/2019/9341
/eli/lta/2019/418
/eli/lta/2019/415
/eli/lta/2019/406
/eli/lta/2019/398
/eli/retsinfo/2019/9334
/eli/retsinfo/2019/9333
/eli/retsinfo/2019/9330
/eli/retsinfo/2019/9319
/eli/lta/2019/357
/eli/lta/2019/354
/eli/lta/2019/346
/eli/retsinfo/2019/9281
/eli/lta/2019/301
/eli/lta/2019/300
/eli/lta/2019/267
/eli/lta/2019/260
/eli/retsinfo/2019/9214
/eli/retsinfo/2019/9213
/eli/retsinfo/2019/9207
/eli/retsinfo/2019/9198
/eli/retsinfo/2019/9197
/eli/lta/2019/224
/eli/lta/2019/213
/eli/lta/2019/180
/eli/lta/2019/176
/eli/lta/2019/151
/eli/lta/2019/147
/eli/retsinfo/2019/9118
/eli/lta/2019/141
/eli/lta/2019/135
/eli/lta/2019/134
/eli/retsinfo/2019/9097
/eli/lta/2019/128
/eli/lta/2019/117
/eli/lta/2019/116
/eli/lta/2019/94
/eli/lta/2019/85
/eli/retsinfo/2019/9079
/eli/lta/2019/66
/eli/retsinfo/2019/9066
/eli/retsinfo/2019/9059
/eli/retsinfo/2019/9057
/eli/lta/2019/39
/eli/retsinfo/2019/9054
/eli/retsinfo/2019/9053
/eli/retsinfo/2019/9008
/eli/retsinfo/2019/9003
/eli/retsinfo/2020/10140
/eli/retsinfo/2020/10139
/eli/ft/202014L01367
/eli/ft/202013L00207
/eli/ft/202013L00190
/eli/ft/202012L00220
/eli/ft/202012L00209
/eli/ft/202012L00207
/eli/ft/20201BB00289
/eli/ft/20201BB00288
/eli/ft/202012L00204
/eli/ft/202012L00195
/eli/ft/202012L00193
/eli/ft/20201SS00013
/eli/ft/202012L00190
/eli/retsinfo/2020/10094
/eli/ft/202012L00181
/eli/ft/202012L00176
/eli/ft/202012L00171
/eli/ft/202012L00170
/eli/ft/202012L00157
/eli/ft/202013L00116
/eli/ft/20201XX00664
/eli/ft/202012L00156
/eli/ft/20201XX00654
/eli/ft/202012L00148
/eli/ft/202013LC0135
/eli/retsinfo/2020/10079
/eli/retsinfo/2020/10078
/eli/retsinfo/2020/10077
/eli/ft/202014L00569
/eli/ft/202012L00135
/eli/ft/20201XX00543
/eli/lta/2020/2272
/eli/lta/2020/2256
/eli/lta/2020/2159
/eli/retsinfo/2020/10052
/eli/retsinfo/2020/10049
/eli/lta/2020/2146
/eli/lta/2020/2120
/eli/lta/2020/2111
/eli/lta/2020/2110
/eli/retsinfo/2020/10042
/eli/retsinfo/2020/10034
/eli/lta/2020/2081
/eli/lta/2020/2078
/eli/retsinfo/2020/10009
/eli/lta/2020/2028
/eli/ft/202015L00517
/eli/ft/202013L00109
/eli/retsinfo/2020/9968
/eli/retsinfo/2020/9965
/eli/retsinfo/2020/9958
/eli/lta/2020/1940
/eli/ft/202013L00036
/eli/retsinfo/2020/9925
/eli/lta/2020/1929
/eli/retsinfo/2020/9916
/eli/retsinfo/2020/9915
/eli/ft/202014L00424
/eli/retsinfo/2020/9911
/eli/lta/2020/1893
/eli/ft/202013L00012
/eli/ft/202013L00007
/eli/lta/2020/1871
/eli/ft/202012L00116
/eli/lta/2020/1848
/eli/lta/2020/1831
/eli/retsinfo/2020/9889
/eli/retsinfo/2020/9888
/eli/lta/2020/1824
/eli/lta/2020/1819
/eli/ft/202014L00331
/eli/lta/2020/1800
/eli/lta/2020/1793
/eli/lta/2020/1792
/eli/lta/2020/1791
/eli/lta/2020/1789
/eli/lta/2020/1787
/eli/retsinfo/2020/9877
/eli/lta/2020/1770
/eli/lta/2020/1767
/eli/retsinfo/2020/9868
/eli/lta/2020/1718
/eli/lta/2020/1710
/eli/lta/2020/1703
/eli/lta/2020/1702
/eli/lta/2020/1701
/eli/fob/2020/39
/eli/lta/2020/1692
/eli/ft/202013L00033
/eli/ltc/2020/10
/eli/retsinfo/2020/9838
/eli/ft/202012L00107
/eli/ft/202012L00109
/eli/ft/202012L00104
/eli/retsinfo/2020/9815
/eli/ft/202012L00090
/eli/ft/20201BB00081
/eli/ltc/2020/9
/eli/ft/202012L00089
/eli/ft/202012L00087
/eli/ft/20201BB00079
/eli/retsinfo/2020/9804
/eli/retsinfo/2020/9783
/eli/retsinfo/2020/9767
/eli/retsinfo/2020/9763
/eli/lta/2020/1545
/eli/ft/202012L00069
/eli/ft/20201BB00067
/eli/retsinfo/2020/9728
/eli/retsinfo/2020/9708
/eli/ft/20201BB00040
/eli/lta/2020/1467
/eli/lta/2020/1466
/eli/ft/202012L00043
/eli/ft/202012L00012
/eli/ft/202012L00033
/eli/fob/2020/30
/eli/ft/202012L00029
/eli/ft/202012L00014
/eli/ft/20201XX00052
/eli/ft/202012L00007
/eli/lta/2020/1445
/eli/ft/202012L00004
/eli/lta/2020/1435
/eli/ltc/2020/7
/eli/lta/2020/1426
/eli/lta/2020/1399
/eli/lta/2020/1397
/eli/retsinfo/2020/9652
/eli/lta/2020/1366
/eli/lta/2020/1327
/eli/lta/2020/1326
/eli/lta/2020/1323
/eli/lta/2020/1321
/eli/retsinfo/2020/9610
/eli/retsinfo/2020/9605
/eli/lta/2020/1292
/eli/retsinfo/2020/9602
/eli/lta/2020/1269
/eli/lta/2020/1266
/eli/lta/2020/1247
/eli/retsinfo/2020/9574
/eli/retsinfo/2020/9568
/eli/lta/2020/1216
/eli/retsinfo/2020/9563
/eli/lta/2020/1204
/eli/retsinfo/2020/9543
/eli/lta/2020/1179
/eli/retsinfo/2020/9517
/eli/retsinfo/2020/9515
/eli/retsinfo/2020/9495
/eli/retsinfo/2020/9494
/eli/retsinfo/2020/9491
/eli/retsinfo/2020/9480
/eli/retsinfo/2020/9455
/eli/retsinfo/2020/9454
/eli/retsinfo/2020/9446
/eli/retsinfo/2020/9445
/eli/retsinfo/2020/9442
/eli/retsinfo/2020/9435
/eli/retsinfo/2020/9428
/eli/lta/2020/1117
/eli/lta/2020/1099
/eli/lta/2020/1090
/eli/retsinfo/2020/9391
/eli/lta/2020/1072
/eli/lta/2020/1039
/eli/lta/2020/1038
/eli/lta/2020/1036
/eli/lta/2020/1025
/eli/lta/2020/1014
/eli/lta/2020/1012
/eli/lta/2020/1011
/eli/lta/2020/950
/eli/lta/2020/941
/eli/lta/2020/940
/eli/retsinfo/2020/9347
/eli/retsinfo/2020/9345
/eli/lta/2020/914
/eli/lta/2020/854
/eli/lta/2020/851
/eli/lta/2020/796
/eli/lta/2020/774
/eli/retsinfo/2020/9316
/eli/retsinfo/2020/9315
/eli/lta/2020/752
/eli/retsinfo/2020/9313
/eli/lta/2020/732
/eli/retsinfo/2020/9311
/eli/lta/2020/698
/eli/fob/2020/20
/eli/lta/2020/688
/eli/retsinfo/2020/9307
/eli/lta/2020/661
/eli/lta/2020/660
/eli/lta/2020/656
/eli/lta/2020/655
/eli/lta/2020/653
/eli/retsinfo/2020/9284
/eli/lta/2020/618
/eli/retsinfo/2020/9283
/eli/retsinfo/2020/9281
/eli/retsinfo/2020/9280
/eli/lta/2020/594
/eli/retsinfo/2020/9262
/eli/retsinfo/2020/9254
/eli/lta/2020/567
/eli/lta/2020/566
/eli/lta/2020/565
/eli/lta/2020/564
/eli/lta/2020/563
/eli/lta/2020/561
/eli/lta/2020/541
/eli/lta/2020/539
/eli/lta/2020/534
/eli/lta/2020/518
/eli/lta/2020/505
/eli/retsinfo/2020/9229
/eli/lta/2020/492
/eli/lta/2020/481
/eli/lta/2020/461
/eli/lta/2020/460
/eli/lta/2020/439
/eli/lta/2020/416
/eli/fob/2020/8
/eli/retsinfo/2020/9190
/eli/lta/2020/379
/eli/retsinfo/2020/9187
/eli/retsinfo/2020/9185
/eli/lta/2020/322
/eli/fob/2020/7
/eli/retsinfo/2020/9167
/eli/lta/2020/286
/eli/lta/2020/282
/eli/lta/2020/238
/eli/retsinfo/2020/9137
/eli/retsinfo/2020/9136
/eli/retsinfo/2020/9135
/eli/retsinfo/2020/9134
/eli/lta/2020/188
/eli/retsinfo/2020/9133
/eli/retsinfo/2020/9125
/eli/lta/2020/141
/eli/retsinfo/2020/9094
/eli/retsinfo/2020/9093
/eli/retsinfo/2020/9090
/eli/retsinfo/2020/9076
/eli/lta/2020/123
/eli/retsinfo/2020/9048
/eli/retsinfo/2020/9045
/eli/lta/2020/99
/eli/lta/2020/97
/eli/lta/2020/81
/eli/retsinfo/2020/9038
/eli/retsinfo/2020/9024
/eli/lta/2020/44
/eli/retsinfo/2020/9007
/eli/lta/2020/2
/eli/retsinfo/2020/9001
/eli/retsinfo/2020/9000
/eli/ft/20211SS00023
/eli/ft/202113L00071
/eli/ft/20211DB01048
/eli/ft/202112L00199
/eli/ft/202112L00195
/eli/ft/202112L00180
/eli/ft/202112L00174
/eli/ft/20211BB00179
/eli/ft/20211BB00177
/eli/ft/20211BB00132
/eli/ft/20211BB00129
/eli/ft/20211BB00125
/eli/ft/20211BB00111
/eli/ft/20211XX00539
/eli/ft/202112L00137
/eli/ft/20211BB00105
/eli/ft/20211BB00090
/eli/ft/202112L00122
/eli/ft/202112L00118
/eli/ft/20211DB00469
/eli/retsinfo/2021/10153
/eli/retsinfo/2021/10137
/eli/retsinfo/2021/10133
/eli/retsinfo/2021/10123
/eli/retsinfo/2021/10121
/eli/lta/2021/2710
/eli/lta/2021/2687
/eli/lta/2021/2685
/eli/lta/2021/2669
/eli/lta/2021/2652
/eli/lta/2021/2650
/eli/lta/2021/2641
/eli/lta/2021/2632
/eli/lta/2021/2607
/eli/lta/2021/2575
/eli/retsinfo/2021/10095
/eli/lta/2021/2541
/eli/lta/2021/2537
/eli/lta/2021/2536
/eli/ft/202112L00106
/eli/lta/2021/2531
/eli/lta/2021/2512
/eli/lta/2021/2511
/eli/lta/2021/2510
/eli/lta/2021/2509
/eli/ft/202113L00086
/eli/lta/2021/2497
/eli/retsinfo/2021/10069
/eli/lta/2021/2447
/eli/lta/2021/2446
/eli/retsinfo/2021/10065
/eli/retsinfo/2021/10051
/eli/retsinfo/2021/10046
/eli/retsinfo/2021/10044
/eli/lta/2021/2443
/eli/lta/2021/2402
/eli/lta/2021/2362
/eli/lta/2021/2361
/eli/lta/2021/2307
/eli/ft/20211BB00052
/eli/lta/2021/2302
/eli/lta/2021/2298
/eli/lta/2021/2236
/eli/lta/2021/2235
/eli/lta/2021/2234
/eli/lta/2021/2225
/eli/retsinfo/2021/9982
/eli/retsinfo/2021/9980
/eli/lta/2021/2222
/eli/lta/2021/2203
/eli/fob/2021/31
/eli/lta/2021/2140
/eli/lta/2021/2099
/eli/retsinfo/2021/9966
/eli/ft/20211BB00048
/eli/lta/2021/2079
/eli/retsinfo/2021/9962
/eli/ft/202112L00093
/eli/ft/202112L00086
/eli/ft/20211BB00045
/eli/retsinfo/2021/9929
/eli/ft/202112L00080
/eli/ft/202112L00079
/eli/lta/2021/2028
/eli/ft/202112L00075
/eli/ft/202112L00071
/eli/lta/2021/2023
/eli/lta/2021/2018
/eli/lta/2021/2016
/eli/lta/2021/2015
/eli/lta/2021/2014
/eli/retsinfo/2021/9892
/eli/lta/2021/1964
/eli/retsinfo/2021/9841
/eli/retsinfo/2021/9833
/eli/retsinfo/2021/9832
/eli/lta/2021/1943
/eli/lta/2021/1940
/eli/retsinfo/2021/9815
/eli/retsinfo/2021/9804
/eli/retsinfo/2021/9794
/eli/lta/2021/1912
/eli/lta/2021/1911
/eli/ft/202112L00021
/eli/ft/202112L00012
/eli/retsinfo/2021/9754
/eli/retsinfo/2021/9746
/eli/retsinfo/2021/9745
/eli/lta/2021/1882
/eli/retsinfo/2021/9729
/eli/lta/2021/1861
/eli/lta/2021/1847
/eli/lta/2021/1843
/eli/lta/2021/1835
/eli/lta/2021/1818
/eli/lta/2021/1816
/eli/lta/2021/1814
/eli/lta/2021/1812
/eli/lta/2021/1800
/eli/lta/2021/1798
/eli/retsinfo/2021/9672
/eli/retsinfo/2021/9664
/eli/fob/2021/21
/eli/retsinfo/2021/9653
/eli/retsinfo/2021/9650
/eli/lta/2021/1735
/eli/retsinfo/2021/9647
/eli/retsinfo/2021/9638
/eli/lta/2021/1710
/eli/retsinfo/2021/9633
/eli/lta/2021/1707
/eli/lta/2021/1675
/eli/retsinfo/2021/9611
/eli/retsinfo/2021/9610
/eli/retsinfo/2021/9603
/eli/lta/2021/1596
/eli/retsinfo/2021/9590
/eli/retsinfo/2021/9588
/eli/lta/2021/1590
/eli/lta/2021/1589
/eli/retsinfo/2021/9557
/eli/retsinfo/2021/9526
/eli/lta/2021/1544
/eli/lta/2021/1535
/eli/retsinfo/2021/9519
/eli/lta/2021/1495
/eli/lta/2021/1448
/eli/ltc/2021/7
/eli/lta/2021/1426
/eli/lta/2021/1421
/eli/retsinfo/2021/9504
/eli/retsinfo/2021/9489
/eli/lta/2021/1392
/eli/lta/2021/1358
/eli/lta/2021/1357
/eli/lta/2021/1352
/eli/lta/2021/1334
/eli/lta/2021/1333
/eli/lta/2021/1323
/eli/retsinfo/2021/9462
/eli/lta/2021/1276
/eli/lta/2021/1156
/eli/lta/2021/1155
/eli/lta/2021/1146
/eli/retsinfo/2021/9411
/eli/lta/2021/1132
/eli/retsinfo/2021/9409
/eli/retsinfo/2021/9408
/eli/lta/2021/1112
/eli/lta/2021/1110
/eli/lta/2021/1098
/eli/lta/2021/1092
/eli/retsinfo/2021/9396
/eli/lta/2021/1079
/eli/lta/2021/1069
/eli/retsinfo/2021/9391
/eli/lta/2021/1050
/eli/lta/2021/1048
/eli/lta/2021/1036
/eli/retsinfo/2021/9376
/eli/lta/2021/1021
/eli/lta/2021/1020
/eli/lta/2021/1019
/eli/retsinfo/2021/9361
/eli/lta/2021/996
/eli/lta/2021/977
/eli/lta/2021/939
/eli/retsinfo/2021/9352
/eli/retsinfo/2021/9340
/eli/retsinfo/2021/9334
/eli/lta/2021/866
/eli/retsinfo/2021/9316
/eli/retsinfo/2021/9312
/eli/retsinfo/2021/9287
/eli/retsinfo/2021/9280
/eli/lta/2021/769
/eli/lta/2021/752
/eli/fob/2021/9
/eli/retsinfo/2021/9261
/eli/lta/2021/575
/eli/lta/2021/562
/eli/lta/2021/525
/eli/lta/2021/494
/eli/retsinfo/2021/9171
/eli/lta/2021/388
/eli/lta/2021/387
/eli/lta/2021/386
/eli/lta/2021/385
/eli/lta/2021/382
/eli/lta/2021/375
/eli/lta/2021/354
/eli/lta/2021/318
/eli/lta/2021/272
/eli/retsinfo/2021/9120
/eli/lta/2021/233
/eli/lta/2021/209
/eli/lta/2021/207
/eli/lta/2021/191
/eli/retsinfo/2021/9062
/eli/retsinfo/2021/9053
/eli/fob/2021/1
/eli/retsinfo/2021/9042
/eli/lta/2021/59
/eli/lta/2021/28
/eli/lta/2021/25
/eli/retsinfo/2021/9008
/eli/retsinfo/2021/9001
/eli/ft/202222L00068
/eli/ft/202222L00061
/eli/ft/202222L00058
/eli/ft/202222L00057
/eli/retsinfo/2022/10481
/eli/ft/20222BB00067
/eli/retsinfo/2022/10472
/eli/retsinfo/2022/10467
/eli/retsinfo/2022/10446
/eli/ft/202222L00024
/eli/ft/202222L00021
/eli/ft/202222L00020
/eli/ft/202222L00016
/eli/ft/202222L00013
/eli/retsinfo/2022/10440
/eli/retsinfo/2022/10435
/eli/retsinfo/2022/10428
/eli/lta/2022/1655
/eli/lta/2022/1586
/eli/retsinfo/2022/10417
/eli/retsinfo/2022/10407
/eli/retsinfo/2022/10403
/eli/lta/2022/1568
/eli/retsinfo/2022/10397
/eli/retsinfo/2022/10395
/eli/lta/2022/1537
/eli/ft/20222XX00022
/eli/ft/202222L00008
/eli/retsinfo/2022/10380
/eli/retsinfo/2022/10357
/eli/retsinfo/2022/10336
/eli/retsinfo/2022/10300
/eli/retsinfo/2022/10289
/eli/lta/2022/1477
/eli/lta/2022/1465
/eli/retsinfo/2022/10277
/eli/lta/2022/1462
/eli/retsinfo/2022/10269
/eli/lta/2022/1451
/eli/retsinfo/2022/10229
/eli/retsinfo/2022/10228
/eli/retsinfo/2022/10224
/eli/retsinfo/2022/10216
/eli/retsinfo/2022/10215
/eli/retsinfo/2022/10178
/eli/retsinfo/2022/10166
/eli/retsinfo/2022/10153
/eli/retsinfo/2022/10150
/eli/lta/2022/1425
/eli/retsinfo/2022/10136
/eli/retsinfo/2022/10129
/eli/lta/2022/1419
/eli/lta/2022/1416
/eli/retsinfo/2022/10074
/eli/lta/2022/1407
/eli/lta/2022/1397
/eli/ft/202212L00036
/eli/ft/202212L00016
/eli/ft/202212L00015
/eli/ft/202212L00013
/eli/ft/202212L00010
/eli/lta/2022/1383
/eli/lta/2022/1373
/eli/fob/2022/21
/eli/retsinfo/2022/10038
/eli/retsinfo/2022/10021
/eli/retsinfo/2022/10017
/eli/retsinfo/2022/10004
/eli/retsinfo/2022/10003
/eli/lta/2022/1282
/eli/retsinfo/2022/9985
/eli/lta/2022/1276
/eli/retsinfo/2022/9943
/eli/retsinfo/2022/9939
/eli/lta/2022/1246
/eli/lta/2022/1220
/eli/lta/2022/1219
/eli/retsinfo/2022/9927
/eli/lta/2022/1212
/eli/retsinfo/2022/9921
/eli/lta/2022/1187
/eli/lta/2022/1185
/eli/retsinfo/2022/9906
/eli/lta/2022/1163
/eli/lta/2022/1158
/eli/retsinfo/2022/9868
/eli/retsinfo/2022/9866
/eli/lta/2022/1150
/eli/lta/2022/1149
/eli/retsinfo/2022/9814
/eli/lta/2022/1145
/eli/lta/2022/1143
/eli/retsinfo/2022/9805
/eli/lta/2022/1133
/eli/lta/2022/1132
/eli/lta/2022/1083
/eli/lta/2022/1054
/eli/lta/2022/1009
/eli/lta/2022/1003
/eli/lta/2022/985
/eli/lta/2022/972
/eli/retsinfo/2022/9681
/eli/retsinfo/2022/9674
/eli/retsinfo/2022/9669
/eli/retsinfo/2022/9657
/eli/lta/2022/964
/eli/lta/2022/962
/eli/lta/2022/961
/eli/lta/2022/944
/eli/lta/2022/927
/eli/retsinfo/2022/9625
/eli/retsinfo/2022/9623
/eli/lta/2022/826
/eli/retsinfo/2022/9609
/eli/lta/2022/816
/eli/lta/2022/815
/eli/lta/2022/813
/eli/retsinfo/2022/9602
/eli/retsinfo/2022/9601
/eli/lta/2022/791
/eli/lta/2022/787
/eli/retsinfo/2022/9599
/eli/lta/2022/778
/eli/lta/2022/775
/eli/lta/2022/774
/eli/lta/2022/773
/eli/lta/2022/769
/eli/retsinfo/2022/9592
/eli/retsinfo/2022/9584
/eli/retsinfo/2022/9579
/eli/retsinfo/2022/9578
/eli/retsinfo/2022/9577
/eli/retsinfo/2022/9576
/eli/lta/2022/763
/eli/lta/2022/741
/eli/lta/2022/740
/eli/lta/2022/739
/eli/lta/2022/733
/eli/lta/2022/711
/eli/lta/2022/708
/eli/retsinfo/2022/9557
/eli/lta/2022/684
/eli/lta/2022/682
/eli/lta/2022/674
/eli/lta/2022/671
/eli/lta/2022/629
/eli/lta/2022/626
/eli/lta/2022/592
/eli/lta/2022/582
/eli/retsinfo/2022/9492
/eli/lta/2022/558
/eli/fob/2022/7
/eli/retsinfo/2022/9465
/eli/lta/2022/528
/eli/lta/2022/523
/eli/lta/2022/520
/eli/lta/2022/518
/eli/lta/2022/517
/eli/lta/2022/487
/eli/lta/2022/486
/eli/lta/2022/454
/eli/retsinfo/2022/9393
/eli/lta/2022/435
/eli/retsinfo/2022/9378
/eli/retsinfo/2022/9359
/eli/retsinfo/2022/9349
/eli/lta/2022/406
/eli/lta/2022/404
/eli/retsinfo/2022/9326
/eli/lta/2022/367
/eli/lta/2022/363
/eli/retsinfo/2022/9302
/eli/lta/2022/347
/eli/retsinfo/2022/9292
/eli/lta/2022/338
/eli/lta/2022/336
/eli/retsinfo/2022/9259
/eli/retsinfo/2022/9258
/eli/retsinfo/2022/9220
/eli/retsinfo/2022/9209
/eli/retsinfo/2022/9193
/eli/retsinfo/2022/9189
/eli/retsinfo/2022/9173
/eli/retsinfo/2022/9132
/eli/lta/2022/243
/eli/retsinfo/2022/9127
/eli/retsinfo/2022/9116
/eli/retsinfo/2022/9112
/eli/retsinfo/2022/9111
/eli/lta/2022/236
/eli/lta/2022/228
/eli/lta/2022/168
/eli/lta/2022/90
/eli/retsinfo/2022/9053
/eli/retsinfo/2022/9052
/eli/lta/2022/31
/eli/retsinfo/2023/9241
/eli/retsinfo/2023/9211
/eli/retsinfo/2023/9201
/eli/lta/2023/278
/eli/lta/2023/274
/eli/lta/2023/273
/eli/lta/2023/268
/eli/lta/2023/262
/eli/retsinfo/2023/9181
/eli/lta/2023/253
/eli/lta/2023/238
/eli/lta/2023/236
/eli/lta/2023/235
/eli/lta/2023/232
/eli/lta/2023/218
/eli/retsinfo/2023/9173
/eli/retsinfo/2023/9172
/eli/retsinfo/2023/9168
/eli/retsinfo/2023/9163
/eli/lta/2023/202
/eli/retsinfo/2023/9154
/eli/lta/2023/186
/eli/lta/2023/173
/eli/retsinfo/2023/9130
/eli/retsinfo/2023/9091
/eli/lta/2023/168
/eli/retsinfo/2023/9077
/eli/lta/2023/159
/eli/retsinfo/2023/9075
/eli/retsinfo/2023/9057
/eli/lta/2023/59
/eli/lta/2023/54
/eli/lta/2023/53
/eli/lta/2023/46
/eli/lta/2023/42
/eli/lta/2023/41
/eli/retsinfo/2023/9026
/eli/retsinfo/2023/9012
/eli/retsinfo/2023/9006
/eli/retsinfo/2023/9002
